<html>
<body>
<pre>
<h1>µVision Build Log</h1>
<h2>Project:</h2>
F:\thedc\thedc\USER\thedc.uvproj
Project File Date:  10/25/2015

<h2>Output:</h2>
Load "F:\\thedc\\thedc\\USER\\thedc.AXF" 
Load "F:\\thedc\\thedc\\USER\\thedc.AXF" 
Set JLink Project File to "F:\thedc\thedc\USER\JLinkSettings.ini"
* JLink Info: Device "STM32F103RC" selected (256 KB flash, 48 KB RAM).
 
JLink info:
------------
DLL: V4.54a, compiled Sep 17 2012 15:58:45
Firmware: J-Link ARM-OB STM32 compiled Aug 22 2012 19:52:04
Hardware: V7.00
S/N : 20090928 
Feature(s) : RDI,FlashDL,FlashBP,JFlash,GDBFull 
 
* JLink Info: Found SWD-DP with ID 0x1BA01477
* JLink Info: Found SWD-DP with ID 0x1BA01477
* JLink Info: TPIU fitted.
* JLink Info: ETM fitted.
* JLink Info: FPUnit: 6 code (BP) slots and 2 literal slots
* JLink Info: Found Cortex-M3 r1p1, Little endian.
ROMTableAddr = 0xE00FF003
 
Target info:
------------
Device: STM32F103RC
VTarget = 3.300V
State of Pins: 
TCK: 0, TDI: 0, TDO: 1, TMS: 0, TRES: 1, TRST: 1
Hardware-Breakpoints: 6
Software-Breakpoints: 8192
Watchpoints:          4
JTAG speed: 2000 kHz
 
Erase Done.
Programming Done.
Verify OK.
Build target 'thedc'
compiling main.c...
main.c(10): error:  #5: cannot open source input file "KeepAngel": No such file or directory
compiling KeepAngle.c...
KeepAngle.c(7): warning:  #223-D: function "left_speed" declared implicitly
KeepAngle.c(8): warning:  #223-D: function "right_speed" declared implicitly
KeepAngle.c(9): warning:  #223-D: function "infr_check" declared implicitly
KeepAngle.c(9): error:  #20: identifier "LEFT" is undefined
KeepAngle.c(11): warning:  #223-D: function "motor_dir" declared implicitly
KeepAngle.c(11): error:  #20: identifier "left_go" is undefined
KeepAngle.c(12): error:  #20: identifier "right_stop" is undefined
KeepAngle.c(13): warning:  #223-D: function "delay_ms" declared implicitly
KeepAngle.c(17): error:  #20: identifier "RIGHT" is undefined
KeepAngle.c(19): warning:  #223-D: function "motor_dir" declared implicitly
KeepAngle.c(19): error:  #20: identifier "right_go" is undefined
KeepAngle.c(20): error:  #20: identifier "left_stop" is undefined
KeepAngle.c(21): warning:  #223-D: function "delay_ms" declared implicitly
KeepAngle.c(25): warning:  #223-D: function "HMC_GetAngle" declared implicitly
KeepAngle.c(31): warning:  #223-D: function "abs" declared implicitly
KeepAngle.c(33): warning:  #223-D: function "motor_dir" declared implicitly
KeepAngle.c(33): error:  #20: identifier "left_go" is undefined
KeepAngle.c(34): error:  #20: identifier "right_go" is undefined
KeepAngle.c(39): warning:  #223-D: function "motor_dir" declared implicitly
KeepAngle.c(39): error:  #20: identifier "left_go" is undefined
KeepAngle.c(40): error:  #20: identifier "right_go" is undefined
KeepAngle.c(45): warning:  #223-D: function "motor_dir" declared implicitly
KeepAngle.c(45): error:  #20: identifier "left_go" is undefined
KeepAngle.c(46): error:  #20: identifier "right_go" is undefined
KeepAngle.c(50): warning:  #223-D: function "motor_dir" declared implicitly
KeepAngle.c(50): error:  #20: identifier "left_go" is undefined
KeepAngle.c(51): error:  #20: identifier "right_go" is undefined
KeepAngle.c(58): warning:  #223-D: function "motor_dir" declared implicitly
KeepAngle.c(58): error:  #20: identifier "left_go" is undefined
KeepAngle.c(59): error:  #20: identifier "right_go" is undefined
KeepAngle.c(64): warning:  #223-D: function "motor_dir" declared implicitly
KeepAngle.c(64): error:  #20: identifier "left_go" is undefined
KeepAngle.c(65): error:  #20: identifier "right_go" is undefined
KeepAngle.c(70): warning:  #223-D: function "motor_dir" declared implicitly
KeepAngle.c(70): error:  #20: identifier "left_go" is undefined
KeepAngle.c(71): error:  #20: identifier "right_go" is undefined
KeepAngle.c(78): warning:  #223-D: function "motor_dir" declared implicitly
KeepAngle.c(78): error:  #20: identifier "left_go" is undefined
KeepAngle.c(79): error:  #20: identifier "right_go" is undefined
KeepAngle.c(84): warning:  #223-D: function "motor_dir" declared implicitly
KeepAngle.c(84): error:  #20: identifier "left_go" is undefined
KeepAngle.c(85): error:  #20: identifier "right_go" is undefined
KeepAngle.c(90): warning:  #223-D: function "motor_dir" declared implicitly
KeepAngle.c(90): error:  #20: identifier "left_go" is undefined
KeepAngle.c(91): error:  #20: identifier "right_go" is undefined
KeepAngle.c(96): warning:  #1-D: last line of file ends without a newline
Target not created
Build target 'thedc'
compiling main.c...
main.c(49): warning:  #177-D: variable "i" was declared but never referenced
main.c(49): warning:  #177-D: variable "len" was declared but never referenced
compiling KeepAngle.c...
KeepAngle.c(40): warning:  #223-D: function "abs" declared implicitly
KeepAngle.c(105): warning:  #1-D: last line of file ends without a newline
linking...
Program Size: Code=17784 RO-data=672 RW-data=64 ZI-data=2056  
FromELF: creating hex file...
"thedc.axf" - 0 Error(s), 4 Warning(s).
Load "F:\\thedc\\thedc\\USER\\thedc.AXF" 
Set JLink Project File to "F:\thedc\thedc\USER\JLinkSettings.ini"
* JLink Info: Device "STM32F103RC" selected (256 KB flash, 48 KB RAM).
 
JLink info:
------------
DLL: V4.54a, compiled Sep 17 2012 15:58:45
Firmware: J-Link ARM-OB STM32 compiled Aug 22 2012 19:52:04
Hardware: V7.00
S/N : 20090928 
Feature(s) : RDI,FlashDL,FlashBP,JFlash,GDBFull 
 
* JLink Info: Found SWD-DP with ID 0x1BA01477
* JLink Info: Found SWD-DP with ID 0x1BA01477
* JLink Info: TPIU fitted.
* JLink Info: ETM fitted.
* JLink Info: FPUnit: 6 code (BP) slots and 2 literal slots
* JLink Info: Found Cortex-M3 r1p1, Little endian.
ROMTableAddr = 0xE00FF003
 
Target info:
------------
Device: STM32F103RC
VTarget = 3.300V
State of Pins: 
TCK: 0, TDI: 0, TDO: 1, TMS: 0, TRES: 1, TRST: 1
Hardware-Breakpoints: 6
Software-Breakpoints: 8192
Watchpoints:          4
JTAG speed: 2000 kHz
 
Erase Done.
Programming Done.
Verify OK.
Build target 'thedc'
compiling main.c...
main.c(49): warning:  #177-D: variable "i" was declared but never referenced
main.c(49): warning:  #177-D: variable "len" was declared but never referenced
linking...
Program Size: Code=17792 RO-data=672 RW-data=64 ZI-data=2056  
FromELF: creating hex file...
"thedc.axf" - 0 Error(s), 2 Warning(s).
Load "F:\\thedc\\thedc\\USER\\thedc.AXF" 
Set JLink Project File to "F:\thedc\thedc\USER\JLinkSettings.ini"
* JLink Info: Device "STM32F103RC" selected (256 KB flash, 48 KB RAM).
 
JLink info:
------------
DLL: V4.54a, compiled Sep 17 2012 15:58:45
Firmware: J-Link ARM-OB STM32 compiled Aug 22 2012 19:52:04
Hardware: V7.00
S/N : 20090928 
Feature(s) : RDI,FlashDL,FlashBP,JFlash,GDBFull 
 
* JLink Info: STM32F1xxx: Can not attach to CPU. Trying connect under reset.
Load "F:\\thedc\\thedc\\USER\\thedc.AXF" 
Set JLink Project File to "F:\thedc\thedc\USER\JLinkSettings.ini"
* JLink Info: Device "STM32F103RC" selected (256 KB flash, 48 KB RAM).
 
JLink info:
------------
DLL: V4.54a, compiled Sep 17 2012 15:58:45
Firmware: J-Link ARM-OB STM32 compiled Aug 22 2012 19:52:04
Hardware: V7.00
S/N : 20090928 
Feature(s) : RDI,FlashDL,FlashBP,JFlash,GDBFull 
 
* JLink Info: Found SWD-DP with ID 0x1BA01477
* JLink Info: Found SWD-DP with ID 0x1BA01477
* JLink Info: TPIU fitted.
* JLink Info: ETM fitted.
* JLink Info: FPUnit: 6 code (BP) slots and 2 literal slots
* JLink Info: Found Cortex-M3 r1p1, Little endian.
ROMTableAddr = 0xE00FF003
 
Target info:
------------
Device: STM32F103RC
VTarget = 3.300V
State of Pins: 
TCK: 0, TDI: 0, TDO: 1, TMS: 0, TRES: 1, TRST: 1
Hardware-Breakpoints: 6
Software-Breakpoints: 8192
Watchpoints:          4
JTAG speed: 2000 kHz
 
Erase Done.
Programming Done.
Verify OK.
Build target 'thedc'
compiling main.c...
main.c(49): warning:  #177-D: variable "i" was declared but never referenced
main.c(49): warning:  #177-D: variable "len" was declared but never referenced
linking...
Program Size: Code=17800 RO-data=672 RW-data=64 ZI-data=2056  
FromELF: creating hex file...
"thedc.axf" - 0 Error(s), 2 Warning(s).
Load "F:\\thedc\\thedc\\USER\\thedc.AXF" 
Set JLink Project File to "F:\thedc\thedc\USER\JLinkSettings.ini"
* JLink Info: Device "STM32F103RC" selected (256 KB flash, 48 KB RAM).
 
JLink info:
------------
DLL: V4.54a, compiled Sep 17 2012 15:58:45
Firmware: J-Link ARM-OB STM32 compiled Aug 22 2012 19:52:04
Hardware: V7.00
S/N : 20090928 
Feature(s) : RDI,FlashDL,FlashBP,JFlash,GDBFull 
 
* JLink Info: Found SWD-DP with ID 0x1BA01477
* JLink Info: Found SWD-DP with ID 0x1BA01477
* JLink Info: TPIU fitted.
* JLink Info: ETM fitted.
* JLink Info: FPUnit: 6 code (BP) slots and 2 literal slots
* JLink Info: Found Cortex-M3 r1p1, Little endian.
ROMTableAddr = 0xE00FF003
 
Target info:
------------
Device: STM32F103RC
VTarget = 3.300V
State of Pins: 
TCK: 0, TDI: 0, TDO: 1, TMS: 0, TRES: 1, TRST: 1
Hardware-Breakpoints: 6
Software-Breakpoints: 8192
Watchpoints:          4
JTAG speed: 2000 kHz
 
Erase Done.
Programming Done.
Verify OK.
