ARM Linker, 5.02 [Build 28] [MDK-ARM Lite]

==============================================================================

Section Cross References

    main.o(.text) refers to _printf_percent.o(.ARM.Collect$$_printf_percent$$00000000) for _printf_percent
    main.o(.text) refers to _printf_f.o(.ARM.Collect$$_printf_percent$$00000003) for _printf_f
    main.o(.text) refers to printf1.o(x$fpl$printf1) for _printf_fp_dec
    main.o(.text) refers to delay.o(.text) for delay_init
    main.o(.text) refers to key.o(.text) for KEY_Init
    main.o(.text) refers to led.o(.text) for LED_Init
    main.o(.text) refers to misc.o(.text) for NVIC_PriorityGroupConfig
    main.o(.text) refers to usart.o(.text) for uart_init
    main.o(.text) refers to timer.o(.text) for TIM3_PWM_Init
    main.o(.text) refers to motor.o(.text) for motor_init
    main.o(.text) refers to infr.o(.text) for infr_init
    main.o(.text) refers to hmc5883.o(.text) for HMC5883_Init
    main.o(.text) refers to noretval__2printf.o(.text) for __2printf
    main.o(.text) refers to usart.o(.bss) for info
    main.o(.text) refers to usart.o(.data) for y
    system_stm32f10x.o(.text) refers to system_stm32f10x.o(.data) for SystemCoreClock
    keepangle.o(.text) refers to motor.o(.text) for left_speed
    keepangle.o(.text) refers to infr.o(.text) for infr_check
    keepangle.o(.text) refers to delay.o(.text) for delay_ms
    keepangle.o(.text) refers to deqf.o(x$fpl$deqf) for __aeabi_cdcmpeq
    keepangle.o(.text) refers to hmc5883.o(.text) for HMC_GetAngle
    keepangle.o(.text) refers to drleqf.o(x$fpl$drleqf) for __aeabi_cdrcmple
    keepangle.o(.text) refers to dleqf.o(x$fpl$dleqf) for __aeabi_cdcmple
    keepangle.o(.text) refers to daddsub_clz.o(x$fpl$dsub) for __aeabi_dsub
    keepangle.o(.text) refers to abs.o(.text) for abs
    keepangle.o(.text) refers to daddsub_clz.o(x$fpl$dadd) for __aeabi_dadd
    keepangle.o(.text) refers to keepangle.o(.data) for current_angle
    delay.o(.text) refers to misc.o(.text) for SysTick_CLKSourceConfig
    delay.o(.text) refers to system_stm32f10x.o(.data) for SystemCoreClock
    delay.o(.text) refers to delay.o(.data) for fac_us
    usart.o(.text) refers (Special) to use_no_semi_2.o(.text) for __use_no_semihosting
    usart.o(.text) refers to stm32f10x_usart.o(.text) for USART_GetFlagStatus
    usart.o(.text) refers to stm32f10x_rcc.o(.text) for RCC_APB2PeriphClockCmd
    usart.o(.text) refers to stm32f10x_gpio.o(.text) for GPIO_Init
    usart.o(.text) refers to misc.o(.text) for NVIC_Init
    usart.o(.text) refers to usart.o(.data) for USART_RX_STA
    usart.o(.text) refers to usart.o(.bss) for USART_RX_BUF
    usart.o(.bss) refers (Special) to use_no_semi_2.o(.text) for __use_no_semihosting
    usart.o(.data) refers (Special) to use_no_semi_2.o(.text) for __use_no_semihosting
    stm32f10x_adc.o(.text) refers to stm32f10x_rcc.o(.text) for RCC_APB2PeriphResetCmd
    stm32f10x_bkp.o(.text) refers to stm32f10x_rcc.o(.text) for RCC_BackupResetCmd
    stm32f10x_can.o(.text) refers to stm32f10x_rcc.o(.text) for RCC_APB1PeriphResetCmd
    stm32f10x_cec.o(.text) refers to stm32f10x_rcc.o(.text) for RCC_APB1PeriphResetCmd
    stm32f10x_dac.o(.text) refers to stm32f10x_rcc.o(.text) for RCC_APB1PeriphResetCmd
    stm32f10x_gpio.o(.text) refers to stm32f10x_rcc.o(.text) for RCC_APB2PeriphResetCmd
    stm32f10x_i2c.o(.text) refers to stm32f10x_rcc.o(.text) for RCC_APB1PeriphResetCmd
    stm32f10x_pwr.o(.text) refers to stm32f10x_rcc.o(.text) for RCC_APB1PeriphResetCmd
    stm32f10x_rcc.o(.text) refers to stm32f10x_rcc.o(.data) for APBAHBPrescTable
    stm32f10x_spi.o(.text) refers to stm32f10x_rcc.o(.text) for RCC_APB2PeriphResetCmd
    stm32f10x_tim.o(.text) refers to stm32f10x_rcc.o(.text) for RCC_APB2PeriphResetCmd
    stm32f10x_usart.o(.text) refers to stm32f10x_rcc.o(.text) for RCC_APB2PeriphResetCmd
    stm32f10x_wwdg.o(.text) refers to stm32f10x_rcc.o(.text) for RCC_APB1PeriphResetCmd
    key.o(.text) refers to stm32f10x_rcc.o(.text) for RCC_APB2PeriphClockCmd
    key.o(.text) refers to stm32f10x_gpio.o(.text) for GPIO_Init
    key.o(.text) refers to delay.o(.text) for delay_ms
    key.o(.text) refers to key.o(.data) for key_up
    led.o(.text) refers to stm32f10x_rcc.o(.text) for RCC_APB2PeriphClockCmd
    led.o(.text) refers to stm32f10x_gpio.o(.text) for GPIO_Init
    timer.o(.text) refers to stm32f10x_rcc.o(.text) for RCC_APB1PeriphClockCmd
    timer.o(.text) refers to stm32f10x_gpio.o(.text) for GPIO_PinRemapConfig
    timer.o(.text) refers to stm32f10x_tim.o(.text) for TIM_TimeBaseInit
    motor.o(.text) refers to stm32f10x_rcc.o(.text) for RCC_APB2PeriphClockCmd
    motor.o(.text) refers to stm32f10x_gpio.o(.text) for GPIO_Init
    motor.o(.text) refers to stm32f10x_tim.o(.text) for TIM_SetCompare2
    infr.o(.text) refers to stm32f10x_rcc.o(.text) for RCC_APB2PeriphClockCmd
    infr.o(.text) refers to stm32f10x_gpio.o(.text) for GPIO_Init
[...]
    ../clib/angel/sys.s                      0x00000000   Number         0  libspace.o ABSOLUTE
    ../clib/angel/sys.s                      0x00000000   Number         0  use_no_semi.o ABSOLUTE
    ../clib/angel/sys.s                      0x00000000   Number         0  sys_stackheap_outer.o ABSOLUTE
    ../clib/angel/sys.s                      0x00000000   Number         0  use_no_semi_2.o ABSOLUTE
    ../clib/angel/sys.s                      0x00000000   Number         0  indicate_semi.o ABSOLUTE
    ../clib/angel/sysapp.c                   0x00000000   Number         0  sys_command.o ABSOLUTE
    ../clib/angel/sysapp.c                   0x00000000   Number         0  sys_wrch.o ABSOLUTE
    ../clib/armsys.c                         0x00000000   Number         0  _get_argv_nomalloc.o ABSOLUTE
    ../clib/armsys.c                         0x00000000   Number         0  argv_veneer.o ABSOLUTE
    ../clib/armsys.c                         0x00000000   Number         0  no_argv.o ABSOLUTE
    ../clib/armsys.c                         0x00000000   Number         0  argv_veneer.o ABSOLUTE
    ../clib/bigflt.c                         0x00000000   Number         0  bigflt0.o ABSOLUTE
    ../clib/btod.s                           0x00000000   Number         0  btod.o ABSOLUTE
    ../clib/fenv.c                           0x00000000   Number         0  _rserrno.o ABSOLUTE
    ../clib/heapalloc.c                      0x00000000   Number         0  hrguard.o ABSOLUTE
    ../clib/heapaux.c                        0x00000000   Number         0  heapauxi.o ABSOLUTE
    ../clib/libinit.s                        0x00000000   Number         0  libinit.o ABSOLUTE
    ../clib/libinit.s                        0x00000000   Number         0  libshutdown2.o ABSOLUTE
    ../clib/libinit.s                        0x00000000   Number         0  libshutdown.o ABSOLUTE
    ../clib/libinit.s                        0x00000000   Number         0  libinit2.o ABSOLUTE
    ../clib/locale.s                         0x00000000   Number         0  lc_numeric_8859.o ABSOLUTE
    ../clib/locale.s                         0x00000000   Number         0  lc_numeric_c.o ABSOLUTE
    ../clib/longlong.s                       0x00000000   Number         0  lludiv10.o ABSOLUTE
    ../clib/memcpset.s                       0x00000000   Number         0  strcmpv7m.o ABSOLUTE
    ../clib/printf.c                         0x00000000   Number         0  _printf_char_file.o ABSOLUTE
    ../clib/printf.c                         0x00000000   Number         0  __printf_flags_wp.o ABSOLUTE
    ../clib/printf.c                         0x00000000   Number         0  __printf_nopercent.o ABSOLUTE
    ../clib/printf.c                         0x00000000   Number         0  __printf_flags_ss_wp.o ABSOLUTE
    ../clib/printf.c                         0x00000000   Number         0  __printf_wp.o ABSOLUTE
    ../clib/printf.c                         0x00000000   Number         0  __printf_flags_ss.o ABSOLUTE
    ../clib/printf.c                         0x00000000   Number         0  __printf_ss.o ABSOLUTE
    ../clib/printf.c                         0x00000000   Number         0  __printf_flags.o ABSOLUTE
    ../clib/printf.c                         0x00000000   Number         0  __printf_ss_wp.o ABSOLUTE
    ../clib/printf.c                         0x00000000   Number         0  __printf.o ABSOLUTE
    ../clib/printf.c                         0x00000000   Number         0  noretval__2printf.o ABSOLUTE
    ../clib/printf.c                         0x00000000   Number         0  __2printf.o ABSOLUTE
    ../clib/printf.c                         0x00000000   Number         0  _printf_fp_dec.o ABSOLUTE
    ../clib/printf.c                         0x00000000   Number         0  _printf_fp_infnan.o ABSOLUTE
    ../clib/printf.c                         0x00000000   Number         0  _printf_char_common.o ABSOLUTE
    ../clib/printf_percent.s                 0x00000000   Number         0  _printf_f.o ABSOLUTE
    ../clib/printf_percent.s                 0x00000000   Number         0  _printf_percent_end.o ABSOLUTE
    ../clib/printf_percent.s                 0x00000000   Number         0  _printf_percent.o ABSOLUTE
    ../clib/signal.c                         0x00000000   Number         0  defsig_rtmem_outer.o ABSOLUTE
    ../clib/signal.c                         0x00000000   Number         0  defsig_exit.o ABSOLUTE
    ../clib/signal.c                         0x00000000   Number         0  defsig_rtmem_inner.o ABSOLUTE
    ../clib/signal.c                         0x00000000   Number         0  __raise.o ABSOLUTE
    ../clib/signal.c                         0x00000000   Number         0  defsig_fpe_inner.o ABSOLUTE
    ../clib/signal.c                         0x00000000   Number         0  defsig_stak_inner.o ABSOLUTE
    ../clib/signal.c                         0x00000000   Number         0  defsig_rtred_inner.o ABSOLUTE
    ../clib/signal.c                         0x00000000   Number         0  defsig_segv_inner.o ABSOLUTE
    ../clib/signal.c                         0x00000000   Number         0  defsig_rtmem_formal.o ABSOLUTE
    ../clib/signal.c                         0x00000000   Number         0  defsig_abrt_inner.o ABSOLUTE
    ../clib/signal.c                         0x00000000   Number         0  defsig_other.o ABSOLUTE
    ../clib/signal.c                         0x00000000   Number         0  defsig_pvfn_inner.o ABSOLUTE
    ../clib/signal.c                         0x00000000   Number         0  defsig_general.o ABSOLUTE
    ../clib/signal.c                         0x00000000   Number         0  defsig_cppl_inner.o ABSOLUTE
    ../clib/signal.s                         0x00000000   Number         0  defsig.o ABSOLUTE
    ../clib/stdio.c                          0x00000000   Number         0  ferror.o ABSOLUTE
    ../clib/stdio.c                          0x00000000   Number         0  ferror_locked.o ABSOLUTE
    ../clib/stdlib.c                         0x00000000   Number         0  abs.o ABSOLUTE
    ../clib/stdlib.c                         0x00000000   Number         0  exit.o ABSOLUTE
    ../fplib/daddsub.s                       0x00000000   Number         0  daddsub_clz.o ABSOLUTE
    ../fplib/dcheck1.s                       0x00000000   Number         0  dcheck1.o ABSOLUTE
    ../fplib/dcmpi.s                         0x00000000   Number         0  dcmpi.o ABSOLUTE
    ../fplib/ddiv.s                          0x00000000   Number         0  ddiv.o ABSOLUTE
    ../fplib/deqf.s                          0x00000000   Number         0  deqf.o ABSOLUTE
    ../fplib/dflt.s                          0x00000000   Number         0  dflt_clz.o ABSOLUTE
    ../fplib/dleqf.s                         0x00000000   Number         0  dleqf.o ABSOLUTE
    ../fplib/dmul.s                          0x00000000   Number         0  dmul.o ABSOLUTE
    ../fplib/dnaninf.s                       0x00000000   Number         0  dnaninf.o ABSOLUTE
    ../fplib/dretinf.s                       0x00000000   Number         0  dretinf.o ABSOLUTE
    ../fplib/drleqf.s                        0x00000000   Number         0  drleqf.o ABSOLUTE
    ../fplib/fpinit.s                        0x00000000   Number         0  fpinit.o ABSOLUTE
    ../fplib/istatus.s                       0x00000000   Number         0  istatus.o ABSOLUTE
    ../fplib/printf1.s                       0x00000000   Number         0  printf1.o ABSOLUTE
    ../fplib/retnan.s                        0x00000000   Number         0  retnan.o ABSOLUTE
    ../fplib/scalbn.s                        0x00000000   Number         0  scalbn.o ABSOLUTE
    ../fplib/trapv.s                         0x00000000   Number         0  trapv.o ABSOLUTE
    ../fplib/usenofp.s                       0x00000000   Number         0  usenofp.o ABSOLUTE
    ../mathlib/atan.c                        0x00000000   Number         0  atan.o ABSOLUTE
    ../mathlib/atan.c                        0x00000000   Number         0  atan_x.o ABSOLUTE
    ../mathlib/atan2.c                       0x00000000   Number         0  atan2_x.o ABSOLUTE
    ../mathlib/atan2.c                       0x00000000   Number         0  atan2.o ABSOLUTE
    ../mathlib/dunder.c                      0x00000000   Number         0  dunder.o ABSOLUTE
    ../mathlib/fpclassify.c                  0x00000000   Number         0  fpclassify.o ABSOLUTE
    ../mathlib/poly.c                        0x00000000   Number         0  poly.o ABSOLUTE
    ../mathlib/qnan.c                        0x00000000   Number         0  qnan.o ABSOLUTE
    ..\CORE\core_cm3.c                       0x00000000   Number         0  core_cm3.o ABSOLUTE
    ..\CORE\startup_stm32f10x_hd.s           0x00000000   Number         0  startup_stm32f10x_hd.o ABSOLUTE
    ..\HARDWARE\HMC\HMC5883.c                0x00000000   Number         0  hmc5883.o ABSOLUTE
    ..\HARDWARE\INFR\infr.c                  0x00000000   Number         0  infr.o ABSOLUTE
    ..\HARDWARE\KEY\key.c                    0x00000000   Number         0  key.o ABSOLUTE
    ..\HARDWARE\LED\led.c                    0x00000000   Number         0  led.o ABSOLUTE
    ..\HARDWARE\MOTOR\motor.c                0x00000000   Number         0  motor.o ABSOLUTE
    ..\HARDWARE\TIMER\timer.c                0x00000000   Number         0  timer.o ABSOLUTE
    ..\STM32F10x_FWLib\src\misc.c            0x00000000   Number         0  misc.o ABSOLUTE
    ..\STM32F10x_FWLib\src\stm32f10x_adc.c   0x00000000   Number         0  stm32f10x_adc.o ABSOLUTE
    ..\STM32F10x_FWLib\src\stm32f10x_bkp.c   0x00000000   Number         0  stm32f10x_bkp.o ABSOLUTE
    ..\STM32F10x_FWLib\src\stm32f10x_can.c   0x00000000   Number         0  stm32f10x_can.o ABSOLUTE
    ..\STM32F10x_FWLib\src\stm32f10x_cec.c   0x00000000   Number         0  stm32f10x_cec.o ABSOLUTE
    ..\STM32F10x_FWLib\src\stm32f10x_crc.c   0x00000000   Number         0  stm32f10x_crc.o ABSOLUTE
    ..\STM32F10x_FWLib\src\stm32f10x_dac.c   0x00000000   Number         0  stm32f10x_dac.o ABSOLUTE
    ..\STM32F10x_FWLib\src\stm32f10x_dbgmcu.c 0x00000000   Number         0  stm32f10x_dbgmcu.o ABSOLUTE
    ..\STM32F10x_FWLib\src\stm32f10x_dma.c   0x00000000   Number         0  stm32f10x_dma.o ABSOLUTE
    ..\STM32F10x_FWLib\src\stm32f10x_exti.c  0x00000000   Number         0  stm32f10x_exti.o ABSOLUTE
    ..\STM32F10x_FWLib\src\stm32f10x_flash.c 0x00000000   Number         0  stm32f10x_flash.o ABSOLUTE
    ..\STM32F10x_FWLib\src\stm32f10x_fsmc.c  0x00000000   Number         0  stm32f10x_fsmc.o ABSOLUTE
    ..\STM32F10x_FWLib\src\stm32f10x_gpio.c  0x00000000   Number         0  stm32f10x_gpio.o ABSOLUTE
    ..\STM32F10x_FWLib\src\stm32f10x_i2c.c   0x00000000   Number         0  stm32f10x_i2c.o ABSOLUTE
    ..\STM32F10x_FWLib\src\stm32f10x_iwdg.c  0x00000000   Number         0  stm32f10x_iwdg.o ABSOLUTE
    ..\STM32F10x_FWLib\src\stm32f10x_pwr.c   0x00000000   Number         0  stm32f10x_pwr.o ABSOLUTE
    ..\STM32F10x_FWLib\src\stm32f10x_rcc.c   0x00000000   Number         0  stm32f10x_rcc.o ABSOLUTE
    ..\STM32F10x_FWLib\src\stm32f10x_rtc.c   0x00000000   Number         0  stm32f10x_rtc.o ABSOLUTE
    ..\STM32F10x_FWLib\src\stm32f10x_sdio.c  0x00000000   Number         0  stm32f10x_sdio.o ABSOLUTE
    ..\STM32F10x_FWLib\src\stm32f10x_spi.c   0x00000000   Number         0  stm32f10x_spi.o ABSOLUTE
    ..\STM32F10x_FWLib\src\stm32f10x_tim.c   0x00000000   Number         0  stm32f10x_tim.o ABSOLUTE
    ..\STM32F10x_FWLib\src\stm32f10x_usart.c 0x00000000   Number         0  stm32f10x_usart.o ABSOLUTE
    ..\STM32F10x_FWLib\src\stm32f10x_wwdg.c  0x00000000   Number         0  stm32f10x_wwdg.o ABSOLUTE
    ..\SYSTEM\delay\delay.c                  0x00000000   Number         0  delay.o ABSOLUTE
    ..\SYSTEM\sys\sys.c                      0x00000000   Number         0  sys.o ABSOLUTE
    ..\SYSTEM\usart\usart.c                  0x00000000   Number         0  usart.o ABSOLUTE
    ..\\CORE\\core_cm3.c                     0x00000000   Number         0  core_cm3.o ABSOLUTE
    ..\\SYSTEM\\sys\\sys.c                   0x00000000   Number         0  sys.o ABSOLUTE
    KeepAngle.c                              0x00000000   Number         0  keepangle.o ABSOLUTE
    dc.s                                     0x00000000   Number         0  dc.o ABSOLUTE
    main.c                                   0x00000000   Number         0  main.o ABSOLUTE
    stm32f10x_it.c                           0x00000000   Number         0  stm32f10x_it.o ABSOLUTE
    system_stm32f10x.c                       0x00000000   Number         0  system_stm32f10x.o ABSOLUTE
    RESET                                    0x08000000   Section      304  startup_stm32f10x_hd.o(RESET)
    !!!main                                  0x08000130   Section        8  __main.o(!!!main)
    !!!scatter                               0x08000138   Section       52  __scatter.o(!!!scatter)
    !!handler_copy                           0x0800016c   Section       26  __scatter_copy.o(!!handler_copy)
    !!handler_zi                             0x08000188   Section       28  __scatter_zi.o(!!handler_zi)
    .ARM.Collect$$_printf_percent$$00000000  0x080001a4   Section        0  _printf_percent.o(.ARM.Collect$$_printf_percent$$00000000)
    .ARM.Collect$$_printf_percent$$00000003  0x080001a4   Section        6  _printf_f.o(.ARM.Collect$$_printf_percent$$00000003)
    .ARM.Collect$$_printf_percent$$00000017  0x080001aa   Section        4  _printf_percent_end.o(.ARM.Collect$$_printf_percent$$00000017)
    .ARM.Collect$$libinit$$00000000          0x080001ae   Section        2  libinit.o(.ARM.Collect$$libinit$$00000000)
    .ARM.Collect$$libinit$$00000002          0x080001b0   Section        0  libinit2.o(.ARM.Collect$$libinit$$00000002)
    .ARM.Collect$$libinit$$00000008          0x080001b0   Section        0  libinit2.o(.ARM.Collect$$libinit$$00000008)
    .ARM.Collect$$libinit$$0000000A          0x080001b0   Section        0  libinit2.o(.ARM.Collect$$libinit$$0000000A)
    .ARM.Collect$$libinit$$0000000C          0x080001b0   Section        0  libinit2.o(.ARM.Collect$$libinit$$0000000C)
    .ARM.Collect$$libinit$$0000000D          0x080001b0   Section        6  libinit2.o(.ARM.Collect$$libinit$$0000000D)
    .ARM.Collect$$libinit$$0000000F          0x080001b6   Section        0  libinit2.o(.ARM.Collect$$libinit$$0000000F)
    .ARM.Collect$$libinit$$00000011          0x080001b6   Section        0  libinit2.o(.ARM.Collect$$libinit$$00000011)
    .ARM.Collect$$libinit$$00000013          0x080001b6   Section        0  libinit2.o(.ARM.Collect$$libinit$$00000013)
    .ARM.Collect$$libinit$$00000014          0x080001b6   Section       10  libinit2.o(.ARM.Collect$$libinit$$00000014)
    .ARM.Collect$$libinit$$00000015          0x080001c0   Section        0  libinit2.o(.ARM.Collect$$libinit$$00000015)
    .ARM.Collect$$libinit$$00000017          0x080001c0   Section        0  libinit2.o(.ARM.Collect$$libinit$$00000017)
    .ARM.Collect$$libinit$$00000019          0x080001c0   Section        0  libinit2.o(.ARM.Collect$$libinit$$00000019)
    .ARM.Collect$$libinit$$0000001B          0x080001c0   Section        0  libinit2.o(.ARM.Collect$$libinit$$0000001B)
    .ARM.Collect$$libinit$$0000001D          0x080001c0   Section        0  libinit2.o(.ARM.Collect$$libinit$$0000001D)
    .ARM.Collect$$libinit$$0000001F          0x080001c0   Section        0  libinit2.o(.ARM.Collect$$libinit$$0000001F)
    .ARM.Collect$$libinit$$00000021          0x080001c0   Section        0  libinit2.o(.ARM.Collect$$libinit$$00000021)
    .ARM.Collect$$libinit$$00000023          0x080001c0   Section        0  libinit2.o(.ARM.Collect$$libinit$$00000023)
    .ARM.Collect$$libinit$$0000002A          0x080001c0   Section        0  libinit2.o(.ARM.Collect$$libinit$$0000002A)
    .ARM.Collect$$libinit$$0000002C          0x080001c0   Section        0  libinit2.o(.ARM.Collect$$libinit$$0000002C)
    .ARM.Collect$$libinit$$0000002E          0x080001c0   Section        0  libinit2.o(.ARM.Collect$$libinit$$0000002E)
    .ARM.Collect$$libinit$$00000030          0x080001c0   Section        0  libinit2.o(.ARM.Collect$$libinit$$00000030)
    .ARM.Collect$$libinit$$00000031          0x080001c0   Section        2  libinit2.o(.ARM.Collect$$libinit$$00000031)
    .ARM.Collect$$libshutdown$$00000000      0x080001c2   Section        2  libshutdown.o(.ARM.Collect$$libshutdown$$00000000)
    .ARM.Collect$$libshutdown$$00000003      0x080001c4   Section        0  libshutdown2.o(.ARM.Collect$$libshutdown$$00000003)
    .ARM.Collect$$libshutdown$$00000006      0x080001c4   Section        0  libshutdown2.o(.ARM.Collect$$libshutdown$$00000006)
    .ARM.Collect$$libshutdown$$00000009      0x080001c4   Section        0  libshutdown2.o(.ARM.Collect$$libshutdown$$00000009)
    .ARM.Collect$$libshutdown$$0000000B      0x080001c4   Section        0  libshutdown2.o(.ARM.Collect$$libshutdown$$0000000B)
    .ARM.Collect$$libshutdown$$0000000E      0x080001c4   Section        0  libshutdown2.o(.ARM.Collect$$libshutdown$$0000000E)
    .ARM.Collect$$libshutdown$$0000000F      0x080001c4   Section        2  libshutdown2.o(.ARM.Collect$$libshutdown$$0000000F)
    .ARM.Collect$$rtentry$$00000000          0x080001c6   Section        0  rtentry.o(.ARM.Collect$$rtentry$$00000000)
    .ARM.Collect$$rtentry$$00000002          0x080001c6   Section        0  rtentry2.o(.ARM.Collect$$rtentry$$00000002)
    .ARM.Collect$$rtentry$$00000004          0x080001c6   Section        6  rtentry4.o(.ARM.Collect$$rtentry$$00000004)
    .ARM.Collect$$rtentry$$00000009          0x080001cc   Section        0  rtentry2.o(.ARM.Collect$$rtentry$$00000009)
    .ARM.Collect$$rtentry$$0000000A          0x080001cc   Section        4  rtentry2.o(.ARM.Collect$$rtentry$$0000000A)
    .ARM.Collect$$rtentry$$0000000C          0x080001d0   Section        0  rtentry2.o(.ARM.Collect$$rtentry$$0000000C)
    .ARM.Collect$$rtentry$$0000000D          0x080001d0   Section        8  rtentry2.o(.ARM.Collect$$rtentry$$0000000D)
    .ARM.Collect$$rtexit$$00000000           0x080001d8   Section        2  rtexit.o(.ARM.Collect$$rtexit$$00000000)
    .ARM.Collect$$rtexit$$00000002           0x080001da   Section        0  rtexit2.o(.ARM.Collect$$rtexit$$00000002)
    .ARM.Collect$$rtexit$$00000003           0x080001da   Section        4  rtexit2.o(.ARM.Collect$$rtexit$$00000003)
    .ARM.Collect$$rtexit$$00000004           0x080001de   Section        6  rtexit2.o(.ARM.Collect$$rtexit$$00000004)
    .text                                    0x080001e4   Section        0  main.o(.text)
    .text                                    0x08000304   Section        0  stm32f10x_it.o(.text)
    .text                                    0x08000320   Section        0  system_stm32f10x.o(.text)
    SetSysClockTo72                          0x08000321   Thumb Code   192  system_stm32f10x.o(.text)
    SetSysClock                              0x080003e1   Thumb Code     8  system_stm32f10x.o(.text)
    .text                                    0x080004e8   Section        0  delay.o(.text)
    .text                                    0x080005b8   Section        0  usart.o(.text)
    .text                                    0x080008d8   Section        0  misc.o(.text)
    .text                                    0x080009b4   Section        0  stm32f10x_gpio.o(.text)
    .text                                    0x08000d0c   Section        0  stm32f10x_rcc.o(.text)
    .text                                    0x080010a8   Section        0  stm32f10x_tim.o(.text)
    TI4_Config                               0x0800154f   Thumb Code   130  stm32f10x_tim.o(.text)
    TI3_Config                               0x080015e3   Thumb Code   122  stm32f10x_tim.o(.text)
    TI2_Config                               0x08001677   Thumb Code   130  stm32f10x_tim.o(.text)
    TI1_Config                               0x0800170b   Thumb Code   108  stm32f10x_tim.o(.text)
    .text                                    0x08001ec4   Section        0  stm32f10x_usart.o(.text)
    .text                                    0x080022cc   Section        0  key.o(.text)
    .text                                    0x08002338   Section        0  led.o(.text)
    .text                                    0x08002364   Section        0  timer.o(.text)
    .text                                    0x08002490   Section        0  motor.o(.text)
    .text                                    0x08002568   Section        0  infr.o(.text)
    .text                                    0x080025c0   Section        0  hmc5883.o(.text)
    .text                                    0x08002950   Section       64  startup_stm32f10x_hd.o(.text)
    .text                                    0x08002990   Section        2  use_no_semi_2.o(.text)
    .text                                    0x08002994   Section        0  noretval__2printf.o(.text)
    .text                                    0x080029ac   Section        0  __printf.o(.text)
    .text                                    0x08002a16   Section        0  heapauxi.o(.text)
    .text                                    0x08002a1c   Section        2  use_no_semi.o(.text)
    .text                                    0x08002a1e   Section        0  _printf_fp_dec.o(.text)
    _fp_digits                               0x08002a21   Thumb Code   426  _printf_fp_dec.o(.text)
    .text                                    0x08002e40   Section        0  _printf_char_file.o(.text)
    .text                                    0x08002e64   Section        8  rt_locale_intlibspace.o(.text)
    .text                                    0x08002e6c   Section      138  lludiv10.o(.text)
    .text                                    0x08002ef8   Section        0  _printf_char_common.o(.text)
    _printf_input_char                       0x08002ef9   Thumb Code    10  _printf_char_common.o(.text)
    .text                                    0x08002f28   Section        0  _printf_fp_infnan.o(.text)
    .text                                    0x08002fa8   Section        0  bigflt0.o(.text)
    .text                                    0x0800308c   Section        0  ferror.o(.text)
    .text                                    0x08003094   Section        8  libspace.o(.text)
    .text                                    0x0800309c   Section       74  sys_stackheap_outer.o(.text)
    .text                                    0x080030e6   Section        0  exit.o(.text)
    .text                                    0x080030f4   Section      128  strcmpv7m.o(.text)
    CL$$btod_d2e                             0x08003174   Section       62  btod.o(CL$$btod_d2e)
    CL$$btod_d2e_denorm_low                  0x080031b2   Section       70  btod.o(CL$$btod_d2e_denorm_low)
    CL$$btod_d2e_norm_op1                    0x080031f8   Section       96  btod.o(CL$$btod_d2e_norm_op1)
    CL$$btod_div_common                      0x08003258   Section      824  btod.o(CL$$btod_div_common)
    CL$$btod_e2e                             0x08003590   Section      198  btod.o(CL$$btod_e2e)
    CL$$btod_ediv                            0x08003656   Section       40  btod.o(CL$$btod_ediv)
    CL$$btod_emul                            0x0800367e   Section       40  btod.o(CL$$btod_emul)
    CL$$btod_mult_common                     0x080036a6   Section      580  btod.o(CL$$btod_mult_common)
    i.__ARM_fpclassify                       0x080038ea   Section        0  fpclassify.o(i.__ARM_fpclassify)
    i.__kernel_poly                          0x08003912   Section        0  poly.o(i.__kernel_poly)
    i.__mathlib_dbl_underflow                0x080039bc   Section        0  dunder.o(i.__mathlib_dbl_underflow)
    i.atan                                   0x080039cc   Section        0  atan.o(i.atan)
    i.atan2                                  0x08003bf0   Section        0  atan2.o(i.atan2)
    locale$$code                             0x08003d70   Section       44  lc_numeric_c.o(locale$$code)
    x$fpl$dadd                               0x08003d9c   Section      336  daddsub_clz.o(x$fpl$dadd)
    _dadd1                                   0x08003dad   Thumb Code     0  daddsub_clz.o(x$fpl$dadd)
    x$fpl$dcheck1                            0x08003eec   Section       16  dcheck1.o(x$fpl$dcheck1)
    x$fpl$ddiv                               0x08003efc   Section      688  ddiv.o(x$fpl$ddiv)
    ddiv_entry                               0x08003f03   Thumb Code     0  ddiv.o(x$fpl$ddiv)
    x$fpl$dflt                               0x080041ac   Section       46  dflt_clz.o(x$fpl$dflt)
    x$fpl$dmul                               0x080041dc   Section      340  dmul.o(x$fpl$dmul)
    x$fpl$dnaninf                            0x08004330   Section      156  dnaninf.o(x$fpl$dnaninf)
    x$fpl$dretinf                            0x080043cc   Section       12  dretinf.o(x$fpl$dretinf)
    x$fpl$drsb                               0x080043d8   Section       22  daddsub_clz.o(x$fpl$drsb)
    x$fpl$dsub                               0x080043f0   Section      468  daddsub_clz.o(x$fpl$dsub)
    _dsub1                                   0x08004401   Thumb Code     0  daddsub_clz.o(x$fpl$dsub)
    x$fpl$printf1                            0x080045c4   Section        4  printf1.o(x$fpl$printf1)
    x$fpl$retnan                             0x080045c8   Section      100  retnan.o(x$fpl$retnan)
    x$fpl$scalbn                             0x0800462c   Section       92  scalbn.o(x$fpl$scalbn)
    x$fpl$trapveneer                         0x08004688   Section       48  trapv.o(x$fpl$trapveneer)
    .constdata                               0x080046b8   Section      152  atan.o(.constdata)
    x$fpl$usenofp                            0x080046b8   Section        0  usenofp.o(x$fpl$usenofp)
    atanhi                                   0x080046b8   Data          32  atan.o(.constdata)
    atanlo                                   0x080046d8   Data          32  atan.o(.constdata)
    aTodd                                    0x080046f8   Data          40  atan.o(.constdata)
    aTeven                                   0x08004720   Data          48  atan.o(.constdata)
    .constdata                               0x08004750   Section        8  qnan.o(.constdata)
    .constdata                               0x08004758   Section      148  bigflt0.o(.constdata)
    tenpwrs_x                                0x08004758   Data          60  bigflt0.o(.constdata)
    tenpwrs_i                                0x08004794   Data          64  bigflt0.o(.constdata)
    locale$$data                             0x0800480c   Section       28  lc_numeric_c.o(locale$$data)
    __lcnum_c_name                           0x08004810   Data           2  lc_numeric_c.o(locale$$data)
    __lcnum_c_start                          0x08004818   Data           0  lc_numeric_c.o(locale$$data)
    __lcnum_c_point                          0x08004824   Data           0  lc_numeric_c.o(locale$$data)
    __lcnum_c_thousands                      0x08004826   Data           0  lc_numeric_c.o(locale$$data)
    __lcnum_c_grouping                       0x08004827   Data           0  lc_numeric_c.o(locale$$data)
    __lcnum_c_end                            0x08004828   Data           0  lc_numeric_c.o(locale$$data)
    .data                                    0x20000000   Section       20  system_stm32f10x.o(.data)
    .data                                    0x20000014   Section        4  delay.o(.data)
    fac_us                                   0x20000014   Data           1  delay.o(.data)
    fac_ms                                   0x20000016   Data           2  delay.o(.data)
    .data                                    0x20000018   Section       15  usart.o(.data)
    .data                                    0x20000027   Section       20  stm32f10x_rcc.o(.data)
    APBAHBPrescTable                         0x20000027   Data          16  stm32f10x_rcc.o(.data)
    ADCPrescTable                            0x20000037   Data           4  stm32f10x_rcc.o(.data)
    .data                                    0x2000003b   Section        1  key.o(.data)
    key_up                                   0x2000003b   Data           1  key.o(.data)
    .data                                    0x2000003c   Section        4  hmc5883.o(.data)
    .bss                                     0x20000040   Section      421  usart.o(.bss)
    .bss                                     0x200001e8   Section       96  libspace.o(.bss)
    HEAP                                     0x20000248   Section      512  startup_stm32f10x_hd.o(HEAP)
    Heap_Mem                                 0x20000248   Data         512  startup_stm32f10x_hd.o(HEAP)
    STACK                                    0x20000448   Section     1024  startup_stm32f10x_hd.o(STACK)
    Stack_Mem                                0x20000448   Data        1024  startup_stm32f10x_hd.o(STACK)
    __initial_sp                             0x20000848   Data           0  startup_stm32f10x_hd.o(STACK)

    Global Symbols

    Symbol Name                              Value     Ov Type        Size  Object(Section)

    BuildAttributes$$THM_ISAv4$P$D$K$B$S$PE$A:L22UL41UL21$X:L11$S22US41US21$IEEE1$IW$USESV6$~STKCKD$USESV7$~SHL$OTIME$ROPI$IEEEX$EBA8$UX$STANDARDLIB$REQ8$PRES8$EABIv2 0x00000000   Number         0  anon$$obj.o ABSOLUTE
    __ARM_use_no_argv                        0x00000000   Number         0  main.o ABSOLUTE
    __ARM_exceptions_init                     - Undefined Weak Reference
    __alloca_initialize                       - Undefined Weak Reference
    __cpp_initialize__aeabi_                  - Undefined Weak Reference
    __cxa_finalize                            - Undefined Weak Reference
    __sigvec_lookup                           - Undefined Weak Reference
    _atexit_init                              - Undefined Weak Reference
    _call_atexit_fns                          - Undefined Weak Reference
    _clock_init                               - Undefined Weak Reference
    _fp_trap_init                             - Undefined Weak Reference
    _fp_trap_shutdown                         - Undefined Weak Reference
    _get_lc_collate                           - Undefined Weak Reference
    _get_lc_ctype                             - Undefined Weak Reference
    _get_lc_monetary                          - Undefined Weak Reference
    _get_lc_time                              - Undefined Weak Reference
    _getenv_init                              - Undefined Weak Reference
    _handle_redirection                       - Undefined Weak Reference
    _init_alloc                               - Undefined Weak Reference
    _init_user_alloc                          - Undefined Weak Reference
    _initio                                   - Undefined Weak Reference
    _mutex_acquire                            - Undefined Weak Reference
    _mutex_release                            - Undefined Weak Reference
    _printf_post_padding                      - Undefined Weak Reference
    _printf_pre_padding                       - Undefined Weak Reference
    _rand_init                                - Undefined Weak Reference
    _signal_finish                            - Undefined Weak Reference
    _signal_init                              - Undefined Weak Reference
    _terminate_alloc                          - Undefined Weak Reference
    _terminate_user_alloc                     - Undefined Weak Reference
    _terminateio                              - Undefined Weak Reference
    __Vectors_Size                           0x00000130   Number         0  startup_stm32f10x_hd.o ABSOLUTE
    __Vectors                                0x08000000   Data           4  startup_stm32f10x_hd.o(RESET)
    __Vectors_End                            0x08000130   Data           0  startup_stm32f10x_hd.o(RESET)
    __main                                   0x08000131   Thumb Code     8  __main.o(!!!main)
    __scatterload                            0x08000139   Thumb Code     0  __scatter.o(!!!scatter)
    __scatterload_rt2                        0x08000139   Thumb Code    44  __scatter.o(!!!scatter)
    __scatterload_rt2_thumb_only             0x08000139   Thumb Code     0  __scatter.o(!!!scatter)
    __scatterload_null                       0x08000147   Thumb Code     0  __scatter.o(!!!scatter)
    __scatterload_copy                       0x0800016d   Thumb Code    26  __scatter_copy.o(!!handler_copy)
    __scatterload_zeroinit                   0x08000189   Thumb Code    28  __scatter_zi.o(!!handler_zi)
    _printf_f                                0x080001a5   Thumb Code     0  _printf_f.o(.ARM.Collect$$_printf_percent$$00000003)
    _printf_percent                          0x080001a5   Thumb Code     0  _printf_percent.o(.ARM.Collect$$_printf_percent$$00000000)
    _printf_percent_end                      0x080001ab   Thumb Code     0  _printf_percent_end.o(.ARM.Collect$$_printf_percent$$00000017)
    __rt_lib_init                            0x080001af   Thumb Code     0  libinit.o(.ARM.Collect$$libinit$$00000000)
    __rt_lib_init_fp_1                       0x080001b1   Thumb Code     0  libinit2.o(.ARM.Collect$$libinit$$00000002)
    __rt_lib_init_heap_1                     0x080001b1   Thumb Code     0  libinit2.o(.ARM.Collect$$libinit$$00000008)
    __rt_lib_init_lc_common                  0x080001b1   Thumb Code     0  libinit2.o(.ARM.Collect$$libinit$$0000000D)
    __rt_lib_init_rand_1                     0x080001b1   Thumb Code     0  libinit2.o(.ARM.Collect$$libinit$$0000000C)
    __rt_lib_init_user_alloc_1               0x080001b1   Thumb Code     0  libinit2.o(.ARM.Collect$$libinit$$0000000A)
    __rt_lib_init_lc_collate_1               0x080001b7   Thumb Code     0  libinit2.o(.ARM.Collect$$libinit$$0000000F)
    __rt_lib_init_lc_ctype_1                 0x080001b7   Thumb Code     0  libinit2.o(.ARM.Collect$$libinit$$00000011)
    __rt_lib_init_lc_monetary_1              0x080001b7   Thumb Code     0  libinit2.o(.ARM.Collect$$libinit$$00000013)
    __rt_lib_init_lc_numeric_2               0x080001b7   Thumb Code     0  libinit2.o(.ARM.Collect$$libinit$$00000014)
    __rt_lib_init_alloca_1                   0x080001c1   Thumb Code     0  libinit2.o(.ARM.Collect$$libinit$$0000002C)
    __rt_lib_init_argv_1                     0x080001c1   Thumb Code     0  libinit2.o(.ARM.Collect$$libinit$$0000002A)
    __rt_lib_init_atexit_1                   0x080001c1   Thumb Code     0  libinit2.o(.ARM.Collect$$libinit$$00000019)
    __rt_lib_init_clock_1                    0x080001c1   Thumb Code     0  libinit2.o(.ARM.Collect$$libinit$$0000001F)
    __rt_lib_init_cpp_1                      0x080001c1   Thumb Code     0  libinit2.o(.ARM.Collect$$libinit$$00000030)
    __rt_lib_init_exceptions_1               0x080001c1   Thumb Code     0  libinit2.o(.ARM.Collect$$libinit$$0000002E)
    __rt_lib_init_fp_trap_1                  0x080001c1   Thumb Code     0  libinit2.o(.ARM.Collect$$libinit$$0000001D)
    __rt_lib_init_getenv_1                   0x080001c1   Thumb Code     0  libinit2.o(.ARM.Collect$$libinit$$00000021)
    __rt_lib_init_lc_numeric_1               0x080001c1   Thumb Code     0  libinit2.o(.ARM.Collect$$libinit$$00000015)
    __rt_lib_init_lc_time_1                  0x080001c1   Thumb Code     0  libinit2.o(.ARM.Collect$$libinit$$00000017)
    __rt_lib_init_return                     0x080001c1   Thumb Code     0  libinit2.o(.ARM.Collect$$libinit$$00000031)
    __rt_lib_init_signal_1                   0x080001c1   Thumb Code     0  libinit2.o(.ARM.Collect$$libinit$$0000001B)
    __rt_lib_init_stdio_1                    0x080001c1   Thumb Code     0  libinit2.o(.ARM.Collect$$libinit$$00000023)
    __rt_lib_shutdown                        0x080001c3   Thumb Code     0  libshutdown.o(.ARM.Collect$$libshutdown$$00000000)
    __rt_lib_shutdown_fp_trap_1              0x080001c5   Thumb Code     0  libshutdown2.o(.ARM.Collect$$libshutdown$$00000006)
    __rt_lib_shutdown_heap_1                 0x080001c5   Thumb Code     0  libshutdown2.o(.ARM.Collect$$libshutdown$$0000000E)
    __rt_lib_shutdown_return                 0x080001c5   Thumb Code     0  libshutdown2.o(.ARM.Collect$$libshutdown$$0000000F)
    __rt_lib_shutdown_signal_1               0x080001c5   Thumb Code     0  libshutdown2.o(.ARM.Collect$$libshutdown$$00000009)
    __rt_lib_shutdown_stdio_1                0x080001c5   Thumb Code     0  libshutdown2.o(.ARM.Collect$$libshutdown$$00000003)
    __rt_lib_shutdown_user_alloc_1           0x080001c5   Thumb Code     0  libshutdown2.o(.ARM.Collect$$libshutdown$$0000000B)
    __rt_entry                               0x080001c7   Thumb Code     0  rtentry.o(.ARM.Collect$$rtentry$$00000000)
    __rt_entry_presh_1                       0x080001c7   Thumb Code     0  rtentry2.o(.ARM.Collect$$rtentry$$00000002)
    __rt_entry_sh                            0x080001c7   Thumb Code     0  rtentry4.o(.ARM.Collect$$rtentry$$00000004)
    __rt_entry_li                            0x080001cd   Thumb Code     0  rtentry2.o(.ARM.Collect$$rtentry$$0000000A)
    __rt_entry_postsh_1                      0x080001cd   Thumb Code     0  rtentry2.o(.ARM.Collect$$rtentry$$00000009)
    __rt_entry_main                          0x080001d1   Thumb Code     0  rtentry2.o(.ARM.Collect$$rtentry$$0000000D)
    __rt_entry_postli_1                      0x080001d1   Thumb Code     0  rtentry2.o(.ARM.Collect$$rtentry$$0000000C)
    __rt_exit                                0x080001d9   Thumb Code     0  rtexit.o(.ARM.Collect$$rtexit$$00000000)
    __rt_exit_ls                             0x080001db   Thumb Code     0  rtexit2.o(.ARM.Collect$$rtexit$$00000003)
    __rt_exit_prels_1                        0x080001db   Thumb Code     0  rtexit2.o(.ARM.Collect$$rtexit$$00000002)
    __rt_exit_exit                           0x080001df   Thumb Code     0  rtexit2.o(.ARM.Collect$$rtexit$$00000004)
    len                                      0x080001e5   Thumb Code    32  main.o(.text)
    init                                     0x08000205   Thumb Code    64  main.o(.text)
    get_weapon                               0x08000245   Thumb Code    62  main.o(.text)
    use_weapon                               0x08000283   Thumb Code     2  main.o(.text)
    main                                     0x08000285   Thumb Code   104  main.o(.text)
    NMI_Handler                              0x08000305   Thumb Code     2  stm32f10x_it.o(.text)
    HardFault_Handler                        0x08000307   Thumb Code     4  stm32f10x_it.o(.text)
    MemManage_Handler                        0x0800030b   Thumb Code     4  stm32f10x_it.o(.text)
    BusFault_Handler                         0x0800030f   Thumb Code     4  stm32f10x_it.o(.text)
    UsageFault_Handler                       0x08000313   Thumb Code     4  stm32f10x_it.o(.text)
    SVC_Handler                              0x08000317   Thumb Code     2  stm32f10x_it.o(.text)
    DebugMon_Handler                         0x08000319   Thumb Code     2  stm32f10x_it.o(.text)
    PendSV_Handler                           0x0800031b   Thumb Code     2  stm32f10x_it.o(.text)
    SysTick_Handler                          0x0800031d   Thumb Code     2  stm32f10x_it.o(.text)
    SystemInit                               0x080003e9   Thumb Code    78  system_stm32f10x.o(.text)
    SystemCoreClockUpdate                    0x08000437   Thumb Code   142  system_stm32f10x.o(.text)
    delay_init                               0x080004e9   Thumb Code    50  delay.o(.text)
    delay_us                                 0x0800051b   Thumb Code    70  delay.o(.text)
    delay_ms                                 0x08000561   Thumb Code    70  delay.o(.text)
    _sys_exit                                0x080005b9   Thumb Code     6  usart.o(.text)
    fputc                                    0x080005bf   Thumb Code    22  usart.o(.text)
    fgetc                                    0x080005d5   Thumb Code    26  usart.o(.text)
    uart_init                                0x080005ef   Thumb Code   256  usart.o(.text)
    USART1_IRQHandler                        0x080006ef   Thumb Code   122  usart.o(.text)
    USART3_IRQHandler                        0x08000769   Thumb Code   122  usart.o(.text)
    uart_update                              0x080007e3   Thumb Code    94  usart.o(.text)
    uart_send                                0x08000841   Thumb Code   102  usart.o(.text)
    NVIC_PriorityGroupConfig                 0x080008d9   Thumb Code    10  misc.o(.text)
    NVIC_Init                                0x080008e3   Thumb Code   102  misc.o(.text)
    NVIC_SetVectorTable                      0x08000949   Thumb Code    14  misc.o(.text)
    NVIC_SystemLPConfig                      0x08000957   Thumb Code    34  misc.o(.text)
    SysTick_CLKSourceConfig                  0x08000979   Thumb Code    40  misc.o(.text)
    GPIO_DeInit                              0x080009b5   Thumb Code   172  stm32f10x_gpio.o(.text)
    GPIO_AFIODeInit                          0x08000a61   Thumb Code    20  stm32f10x_gpio.o(.text)
    GPIO_Init                                0x08000a75   Thumb Code   274  stm32f10x_gpio.o(.text)
    GPIO_StructInit                          0x08000b87   Thumb Code    16  stm32f10x_gpio.o(.text)
    GPIO_ReadInputDataBit                    0x08000b97   Thumb Code    18  stm32f10x_gpio.o(.text)
    GPIO_ReadInputData                       0x08000ba9   Thumb Code     8  stm32f10x_gpio.o(.text)
    GPIO_ReadOutputDataBit                   0x08000bb1   Thumb Code    18  stm32f10x_gpio.o(.text)
    GPIO_ReadOutputData                      0x08000bc3   Thumb Code     8  stm32f10x_gpio.o(.text)
    GPIO_SetBits                             0x08000bcb   Thumb Code     4  stm32f10x_gpio.o(.text)
    GPIO_ResetBits                           0x08000bcf   Thumb Code     4  stm32f10x_gpio.o(.text)
    GPIO_WriteBit                            0x08000bd3   Thumb Code    10  stm32f10x_gpio.o(.text)
    GPIO_Write                               0x08000bdd   Thumb Code     4  stm32f10x_gpio.o(.text)
    GPIO_PinLockConfig                       0x08000be1   Thumb Code    18  stm32f10x_gpio.o(.text)
    GPIO_EventOutputConfig                   0x08000bf3   Thumb Code    26  stm32f10x_gpio.o(.text)
    GPIO_EventOutputCmd                      0x08000c0d   Thumb Code     6  stm32f10x_gpio.o(.text)
    GPIO_PinRemapConfig                      0x08000c13   Thumb Code   138  stm32f10x_gpio.o(.text)
    GPIO_EXTILineConfig                      0x08000c9d   Thumb Code    66  stm32f10x_gpio.o(.text)
    GPIO_ETH_MediaInterfaceConfig            0x08000cdf   Thumb Code     6  stm32f10x_gpio.o(.text)
    RCC_DeInit                               0x08000d0d   Thumb Code    64  stm32f10x_rcc.o(.text)
    RCC_HSEConfig                            0x08000d4d   Thumb Code    70  stm32f10x_rcc.o(.text)
    RCC_GetFlagStatus                        0x08000d93   Thumb Code    56  stm32f10x_rcc.o(.text)
    RCC_WaitForHSEStartUp                    0x08000dcb   Thumb Code    48  stm32f10x_rcc.o(.text)
    RCC_AdjustHSICalibrationValue            0x08000dfb   Thumb Code    20  stm32f10x_rcc.o(.text)
    RCC_HSICmd                               0x08000e0f   Thumb Code     6  stm32f10x_rcc.o(.text)
    RCC_PLLConfig                            0x08000e15   Thumb Code    24  stm32f10x_rcc.o(.text)
    RCC_PLLCmd                               0x08000e2d   Thumb Code     6  stm32f10x_rcc.o(.text)
    RCC_SYSCLKConfig                         0x08000e33   Thumb Code    18  stm32f10x_rcc.o(.text)
    RCC_GetSYSCLKSource                      0x08000e45   Thumb Code    10  stm32f10x_rcc.o(.text)
    RCC_HCLKConfig                           0x08000e4f   Thumb Code    18  stm32f10x_rcc.o(.text)
    RCC_PCLK1Config                          0x08000e61   Thumb Code    18  stm32f10x_rcc.o(.text)
    RCC_PCLK2Config                          0x08000e73   Thumb Code    20  stm32f10x_rcc.o(.text)
    RCC_ITConfig                             0x08000e87   Thumb Code    26  stm32f10x_rcc.o(.text)
    RCC_USBCLKConfig                         0x08000ea1   Thumb Code     6  stm32f10x_rcc.o(.text)
    RCC_ADCCLKConfig                         0x08000ea7   Thumb Code    18  stm32f10x_rcc.o(.text)
    RCC_LSEConfig                            0x08000eb9   Thumb Code    44  stm32f10x_rcc.o(.text)
    RCC_LSICmd                               0x08000ee5   Thumb Code     6  stm32f10x_rcc.o(.text)
    RCC_RTCCLKConfig                         0x08000eeb   Thumb Code    12  stm32f10x_rcc.o(.text)
    RCC_RTCCLKCmd                            0x08000ef7   Thumb Code     8  stm32f10x_rcc.o(.text)
    RCC_GetClocksFreq                        0x08000eff   Thumb Code   192  stm32f10x_rcc.o(.text)
    RCC_AHBPeriphClockCmd                    0x08000fbf   Thumb Code    26  stm32f10x_rcc.o(.text)
    RCC_APB2PeriphClockCmd                   0x08000fd9   Thumb Code    26  stm32f10x_rcc.o(.text)
    RCC_APB1PeriphClockCmd                   0x08000ff3   Thumb Code    26  stm32f10x_rcc.o(.text)
    RCC_APB2PeriphResetCmd                   0x0800100d   Thumb Code    26  stm32f10x_rcc.o(.text)
    RCC_APB1PeriphResetCmd                   0x08001027   Thumb Code    26  stm32f10x_rcc.o(.text)
    RCC_BackupResetCmd                       0x08001041   Thumb Code     8  stm32f10x_rcc.o(.text)
    RCC_ClockSecuritySystemCmd               0x08001049   Thumb Code     6  stm32f10x_rcc.o(.text)
    RCC_MCOConfig                            0x0800104f   Thumb Code     6  stm32f10x_rcc.o(.text)
    RCC_ClearFlag                            0x08001055   Thumb Code    14  stm32f10x_rcc.o(.text)
    RCC_GetITStatus                          0x08001063   Thumb Code    20  stm32f10x_rcc.o(.text)
    RCC_ClearITPendingBit                    0x08001077   Thumb Code     6  stm32f10x_rcc.o(.text)
    TIM_DeInit                               0x080010a9   Thumb Code   424  stm32f10x_tim.o(.text)
    TIM_TimeBaseInit                         0x08001251   Thumb Code   122  stm32f10x_tim.o(.text)
    TIM_OC1Init                              0x080012cb   Thumb Code   132  stm32f10x_tim.o(.text)
    TIM_OC2Init                              0x0800134f   Thumb Code   154  stm32f10x_tim.o(.text)
    TIM_OC3Init                              0x080013e9   Thumb Code   150  stm32f10x_tim.o(.text)
    TIM_OC4Init                              0x0800147f   Thumb Code   182  stm32f10x_tim.o(.text)
    TIM_SetIC4Prescaler                      0x08001535   Thumb Code    26  stm32f10x_tim.o(.text)
    TIM_SetIC3Prescaler                      0x080015d1   Thumb Code    18  stm32f10x_tim.o(.text)
    TIM_SetIC2Prescaler                      0x0800165d   Thumb Code    26  stm32f10x_tim.o(.text)
    TIM_SetIC1Prescaler                      0x080016f9   Thumb Code    18  stm32f10x_tim.o(.text)
    TIM_ICInit                               0x08001777   Thumb Code   150  stm32f10x_tim.o(.text)
    TIM_PWMIConfig                           0x0800180d   Thumb Code   124  stm32f10x_tim.o(.text)
    TIM_BDTRConfig                           0x08001889   Thumb Code    32  stm32f10x_tim.o(.text)
    TIM_TimeBaseStructInit                   0x080018a9   Thumb Code    18  stm32f10x_tim.o(.text)
    TIM_OCStructInit                         0x080018bb   Thumb Code    20  stm32f10x_tim.o(.text)
    TIM_ICStructInit                         0x080018cf   Thumb Code    18  stm32f10x_tim.o(.text)
    TIM_BDTRStructInit                       0x080018e1   Thumb Code    40  stm32f10x_tim.o(.text)
    TIM_Cmd                                  0x08001909   Thumb Code    24  stm32f10x_tim.o(.text)
    TIM_CtrlPWMOutputs                       0x08001921   Thumb Code    30  stm32f10x_tim.o(.text)
    TIM_ITConfig                             0x0800193f   Thumb Code    18  stm32f10x_tim.o(.text)
    TIM_GenerateEvent                        0x08001951   Thumb Code     4  stm32f10x_tim.o(.text)
    TIM_DMAConfig                            0x08001955   Thumb Code    10  stm32f10x_tim.o(.text)
    TIM_DMACmd                               0x0800195f   Thumb Code    18  stm32f10x_tim.o(.text)
    TIM_InternalClockConfig                  0x08001971   Thumb Code    12  stm32f10x_tim.o(.text)
    TIM_SelectInputTrigger                   0x0800197d   Thumb Code    18  stm32f10x_tim.o(.text)
    TIM_ITRxExternalClockConfig              0x0800198f   Thumb Code    24  stm32f10x_tim.o(.text)
    TIM_TIxExternalClockConfig               0x080019a7   Thumb Code    62  stm32f10x_tim.o(.text)
    TIM_ETRConfig                            0x080019e5   Thumb Code    28  stm32f10x_tim.o(.text)
    TIM_ETRClockMode1Config                  0x08001a01   Thumb Code    54  stm32f10x_tim.o(.text)
    TIM_ETRClockMode2Config                  0x08001a37   Thumb Code    32  stm32f10x_tim.o(.text)
    TIM_PrescalerConfig                      0x08001a57   Thumb Code     6  stm32f10x_tim.o(.text)
    TIM_CounterModeConfig                    0x08001a5d   Thumb Code    18  stm32f10x_tim.o(.text)
    TIM_EncoderInterfaceConfig               0x08001a6f   Thumb Code    66  stm32f10x_tim.o(.text)
    TIM_ForcedOC1Config                      0x08001ab1   Thumb Code    18  stm32f10x_tim.o(.text)
    TIM_ForcedOC2Config                      0x08001ac3   Thumb Code    26  stm32f10x_tim.o(.text)
    TIM_ForcedOC3Config                      0x08001add   Thumb Code    18  stm32f10x_tim.o(.text)
    TIM_ForcedOC4Config                      0x08001aef   Thumb Code    26  stm32f10x_tim.o(.text)
    TIM_ARRPreloadConfig                     0x08001b09   Thumb Code    24  stm32f10x_tim.o(.text)
    TIM_SelectCOM                            0x08001b21   Thumb Code    24  stm32f10x_tim.o(.text)
    TIM_SelectCCDMA                          0x08001b39   Thumb Code    24  stm32f10x_tim.o(.text)
    TIM_CCPreloadControl                     0x08001b51   Thumb Code    24  stm32f10x_tim.o(.text)
    TIM_OC1PreloadConfig                     0x08001b69   Thumb Code    18  stm32f10x_tim.o(.text)
    TIM_OC2PreloadConfig                     0x08001b7b   Thumb Code    26  stm32f10x_tim.o(.text)
    TIM_OC3PreloadConfig                     0x08001b95   Thumb Code    18  stm32f10x_tim.o(.text)
    TIM_OC4PreloadConfig                     0x08001ba7   Thumb Code    26  stm32f10x_tim.o(.text)
    TIM_OC1FastConfig                        0x08001bc1   Thumb Code    18  stm32f10x_tim.o(.text)
    TIM_OC2FastConfig                        0x08001bd3   Thumb Code    26  stm32f10x_tim.o(.text)
    TIM_OC3FastConfig                        0x08001bed   Thumb Code    18  stm32f10x_tim.o(.text)
    TIM_OC4FastConfig                        0x08001bff   Thumb Code    26  stm32f10x_tim.o(.text)
    TIM_ClearOC1Ref                          0x08001c19   Thumb Code    18  stm32f10x_tim.o(.text)
    TIM_ClearOC2Ref                          0x08001c2b   Thumb Code    24  stm32f10x_tim.o(.text)
    TIM_ClearOC3Ref                          0x08001c43   Thumb Code    18  stm32f10x_tim.o(.text)
    TIM_ClearOC4Ref                          0x08001c55   Thumb Code    24  stm32f10x_tim.o(.text)
    TIM_OC1PolarityConfig                    0x08001c6d   Thumb Code    18  stm32f10x_tim.o(.text)
    TIM_OC1NPolarityConfig                   0x08001c7f   Thumb Code    18  stm32f10x_tim.o(.text)
    TIM_OC2PolarityConfig                    0x08001c91   Thumb Code    26  stm32f10x_tim.o(.text)
    TIM_OC2NPolarityConfig                   0x08001cab   Thumb Code    26  stm32f10x_tim.o(.text)
    TIM_OC3PolarityConfig                    0x08001cc5   Thumb Code    26  stm32f10x_tim.o(.text)
    TIM_OC3NPolarityConfig                   0x08001cdf   Thumb Code    26  stm32f10x_tim.o(.text)
    TIM_OC4PolarityConfig                    0x08001cf9   Thumb Code    26  stm32f10x_tim.o(.text)
    TIM_CCxCmd                               0x08001d13   Thumb Code    30  stm32f10x_tim.o(.text)
    TIM_CCxNCmd                              0x08001d31   Thumb Code    30  stm32f10x_tim.o(.text)
    TIM_SelectOCxM                           0x08001d4f   Thumb Code    82  stm32f10x_tim.o(.text)
    TIM_UpdateDisableConfig                  0x08001da1   Thumb Code    24  stm32f10x_tim.o(.text)
    TIM_UpdateRequestConfig                  0x08001db9   Thumb Code    24  stm32f10x_tim.o(.text)
    TIM_SelectHallSensor                     0x08001dd1   Thumb Code    24  stm32f10x_tim.o(.text)
    TIM_SelectOnePulseMode                   0x08001de9   Thumb Code    18  stm32f10x_tim.o(.text)
    TIM_SelectOutputTrigger                  0x08001dfb   Thumb Code    18  stm32f10x_tim.o(.text)
    TIM_SelectSlaveMode                      0x08001e0d   Thumb Code    18  stm32f10x_tim.o(.text)
    TIM_SelectMasterSlaveMode                0x08001e1f   Thumb Code    18  stm32f10x_tim.o(.text)
    TIM_SetCounter                           0x08001e31   Thumb Code     4  stm32f10x_tim.o(.text)
    TIM_SetAutoreload                        0x08001e35   Thumb Code     4  stm32f10x_tim.o(.text)
    TIM_SetCompare1                          0x08001e39   Thumb Code     4  stm32f10x_tim.o(.text)
    TIM_SetCompare2                          0x08001e3d   Thumb Code     4  stm32f10x_tim.o(.text)
    TIM_SetCompare3                          0x08001e41   Thumb Code     4  stm32f10x_tim.o(.text)
    TIM_SetCompare4                          0x08001e45   Thumb Code     6  stm32f10x_tim.o(.text)
    TIM_SetClockDivision                     0x08001e4b   Thumb Code    18  stm32f10x_tim.o(.text)
    TIM_GetCapture1                          0x08001e5d   Thumb Code     6  stm32f10x_tim.o(.text)
    TIM_GetCapture2                          0x08001e63   Thumb Code     6  stm32f10x_tim.o(.text)
    TIM_GetCapture3                          0x08001e69   Thumb Code     6  stm32f10x_tim.o(.text)
    TIM_GetCapture4                          0x08001e6f   Thumb Code     8  stm32f10x_tim.o(.text)
    TIM_GetCounter                           0x08001e77   Thumb Code     6  stm32f10x_tim.o(.text)
    TIM_GetPrescaler                         0x08001e7d   Thumb Code     6  stm32f10x_tim.o(.text)
    TIM_GetFlagStatus                        0x08001e83   Thumb Code    18  stm32f10x_tim.o(.text)
    TIM_ClearFlag                            0x08001e95   Thumb Code     6  stm32f10x_tim.o(.text)
    TIM_GetITStatus                          0x08001e9b   Thumb Code    34  stm32f10x_tim.o(.text)
    TIM_ClearITPendingBit                    0x08001ebd   Thumb Code     6  stm32f10x_tim.o(.text)
    USART_DeInit                             0x08001ec5   Thumb Code   134  stm32f10x_usart.o(.text)
    USART_Init                               0x08001f4b   Thumb Code   210  stm32f10x_usart.o(.text)
    USART_StructInit                         0x0800201d   Thumb Code    24  stm32f10x_usart.o(.text)
    USART_ClockInit                          0x08002035   Thumb Code    34  stm32f10x_usart.o(.text)
    USART_ClockStructInit                    0x08002057   Thumb Code    12  stm32f10x_usart.o(.text)
    USART_Cmd                                0x08002063   Thumb Code    24  stm32f10x_usart.o(.text)
    USART_ITConfig                           0x0800207b   Thumb Code    74  stm32f10x_usart.o(.text)
    USART_DMACmd                             0x080020c5   Thumb Code    18  stm32f10x_usart.o(.text)
    USART_SetAddress                         0x080020d7   Thumb Code    18  stm32f10x_usart.o(.text)
    USART_WakeUpConfig                       0x080020e9   Thumb Code    18  stm32f10x_usart.o(.text)
    USART_ReceiverWakeUpCmd                  0x080020fb   Thumb Code    24  stm32f10x_usart.o(.text)
    USART_LINBreakDetectLengthConfig         0x08002113   Thumb Code    18  stm32f10x_usart.o(.text)
    USART_LINCmd                             0x08002125   Thumb Code    24  stm32f10x_usart.o(.text)
    USART_SendData                           0x0800213d   Thumb Code     8  stm32f10x_usart.o(.text)
    USART_ReceiveData                        0x08002145   Thumb Code    10  stm32f10x_usart.o(.text)
    USART_SendBreak                          0x0800214f   Thumb Code    10  stm32f10x_usart.o(.text)
    USART_SetGuardTime                       0x08002159   Thumb Code    16  stm32f10x_usart.o(.text)
    USART_SetPrescaler                       0x08002169   Thumb Code    16  stm32f10x_usart.o(.text)
    USART_SmartCardCmd                       0x08002179   Thumb Code    24  stm32f10x_usart.o(.text)
    USART_SmartCardNACKCmd                   0x08002191   Thumb Code    24  stm32f10x_usart.o(.text)
    USART_HalfDuplexCmd                      0x080021a9   Thumb Code    24  stm32f10x_usart.o(.text)
    USART_OverSampling8Cmd                   0x080021c1   Thumb Code    22  stm32f10x_usart.o(.text)
    USART_OneBitMethodCmd                    0x080021d7   Thumb Code    24  stm32f10x_usart.o(.text)
    USART_IrDAConfig                         0x080021ef   Thumb Code    18  stm32f10x_usart.o(.text)
    USART_IrDACmd                            0x08002201   Thumb Code    24  stm32f10x_usart.o(.text)
    USART_GetFlagStatus                      0x08002219   Thumb Code    26  stm32f10x_usart.o(.text)
    USART_ClearFlag                          0x08002233   Thumb Code    18  stm32f10x_usart.o(.text)
    USART_GetITStatus                        0x08002245   Thumb Code    84  stm32f10x_usart.o(.text)
    USART_ClearITPendingBit                  0x08002299   Thumb Code    52  stm32f10x_usart.o(.text)
    KEY_Init                                 0x080022cd   Thumb Code    32  key.o(.text)
    KEY_Scan                                 0x080022ed   Thumb Code    62  key.o(.text)
    LED_Init                                 0x08002339   Thumb Code    38  led.o(.text)
    TIM3_PWM_Init                            0x08002365   Thumb Code   160  timer.o(.text)
    TIM4_PWM_Init                            0x08002405   Thumb Code   122  timer.o(.text)
    motor_init                               0x08002491   Thumb Code    38  motor.o(.text)
    motor_dir                                0x080024b7   Thumb Code   118  motor.o(.text)
    left_speed                               0x0800252d   Thumb Code    14  motor.o(.text)
    right_speed                              0x0800253b   Thumb Code    14  motor.o(.text)
    infr_init                                0x08002569   Thumb Code    32  infr.o(.text)
    infr_check                               0x08002589   Thumb Code    42  infr.o(.text)
    HMC_Delay                                0x080025c1   Thumb Code    26  hmc5883.o(.text)
    HMC_GPIO_Config                          0x080025db   Thumb Code    40  hmc5883.o(.text)
    HMC_Start                                0x08002603   Thumb Code    56  hmc5883.o(.text)
    HMC_I2C_Stop                             0x0800263b   Thumb Code    56  hmc5883.o(.text)
    HMC_I2C_Ack                              0x08002673   Thumb Code    58  hmc5883.o(.text)
    HMC_I2C_NAck                             0x080026ad   Thumb Code    58  hmc5883.o(.text)
    HMC_I2C_WaitAck                          0x080026e7   Thumb Code    82  hmc5883.o(.text)
    HMC_I2C_SendByte                         0x08002739   Thumb Code    90  hmc5883.o(.text)
    HMC_I2C_ReceiveByte                      0x08002793   Thumb Code    88  hmc5883.o(.text)
    HMC_I2C_Write                            0x080027eb   Thumb Code    48  hmc5883.o(.text)
    HMC_I2C_Read                             0x0800281b   Thumb Code    62  hmc5883.o(.text)
    HMC_MultipleRead                         0x08002859   Thumb Code    82  hmc5883.o(.text)
    HMC_GetValue                             0x080028ab   Thumb Code    60  hmc5883.o(.text)
    HMC5883_Init                             0x080028e7   Thumb Code    22  hmc5883.o(.text)
    HMC_GetAngle                             0x080028fd   Thumb Code    64  hmc5883.o(.text)
    Reset_Handler                            0x08002951   Thumb Code     8  startup_stm32f10x_hd.o(.text)
    ADC1_2_IRQHandler                        0x0800296b   Thumb Code     0  startup_stm32f10x_hd.o(.text)
    ADC3_IRQHandler                          0x0800296b   Thumb Code     0  startup_stm32f10x_hd.o(.text)
    CAN1_RX1_IRQHandler                      0x0800296b   Thumb Code     0  startup_stm32f10x_hd.o(.text)
    CAN1_SCE_IRQHandler                      0x0800296b   Thumb Code     0  startup_stm32f10x_hd.o(.text)
    DMA1_Channel1_IRQHandler                 0x0800296b   Thumb Code     0  startup_stm32f10x_hd.o(.text)
    DMA1_Channel2_IRQHandler                 0x0800296b   Thumb Code     0  startup_stm32f10x_hd.o(.text)
    DMA1_Channel3_IRQHandler                 0x0800296b   Thumb Code     0  startup_stm32f10x_hd.o(.text)
    DMA1_Channel4_IRQHandler                 0x0800296b   Thumb Code     0  startup_stm32f10x_hd.o(.text)
    DMA1_Channel5_IRQHandler                 0x0800296b   Thumb Code     0  startup_stm32f10x_hd.o(.text)
    DMA1_Channel6_IRQHandler                 0x0800296b   Thumb Code     0  startup_stm32f10x_hd.o(.text)
    DMA1_Channel7_IRQHandler                 0x0800296b   Thumb Code     0  startup_stm32f10x_hd.o(.text)
    DMA2_Channel1_IRQHandler                 0x0800296b   Thumb Code     0  startup_stm32f10x_hd.o(.text)
    DMA2_Channel2_IRQHandler                 0x0800296b   Thumb Code     0  startup_stm32f10x_hd.o(.text)
    DMA2_Channel3_IRQHandler                 0x0800296b   Thumb Code     0  startup_stm32f10x_hd.o(.text)
    DMA2_Channel4_5_IRQHandler               0x0800296b   Thumb Code     0  startup_stm32f10x_hd.o(.text)
    EXTI0_IRQHandler                         0x0800296b   Thumb Code     0  startup_stm32f10x_hd.o(.text)
    EXTI15_10_IRQHandler                     0x0800296b   Thumb Code     0  startup_stm32f10x_hd.o(.text)
    EXTI1_IRQHandler                         0x0800296b   Thumb Code     0  startup_stm32f10x_hd.o(.text)
    EXTI2_IRQHandler                         0x0800296b   Thumb Code     0  startup_stm32f10x_hd.o(.text)
    EXTI3_IRQHandler                         0x0800296b   Thumb Code     0  startup_stm32f10x_hd.o(.text)
    EXTI4_IRQHandler                         0x0800296b   Thumb Code     0  startup_stm32f10x_hd.o(.text)
    EXTI9_5_IRQHandler                       0x0800296b   Thumb Code     0  startup_stm32f10x_hd.o(.text)
    FLASH_IRQHandler                         0x0800296b   Thumb Code     0  startup_stm32f10x_hd.o(.text)
    FSMC_IRQHandler                          0x0800296b   Thumb Code     0  startup_stm32f10x_hd.o(.text)
    I2C1_ER_IRQHandler                       0x0800296b   Thumb Code     0  startup_stm32f10x_hd.o(.text)
    I2C1_EV_IRQHandler                       0x0800296b   Thumb Code     0  startup_stm32f10x_hd.o(.text)
    I2C2_ER_IRQHandler                       0x0800296b   Thumb Code     0  startup_stm32f10x_hd.o(.text)
    I2C2_EV_IRQHandler                       0x0800296b   Thumb Code     0  startup_stm32f10x_hd.o(.text)
    PVD_IRQHandler                           0x0800296b   Thumb Code     0  startup_stm32f10x_hd.o(.text)
    RCC_IRQHandler                           0x0800296b   Thumb Code     0  startup_stm32f10x_hd.o(.text)
    RTCAlarm_IRQHandler                      0x0800296b   Thumb Code     0  startup_stm32f10x_hd.o(.text)
    RTC_IRQHandler                           0x0800296b   Thumb Code     0  startup_stm32f10x_hd.o(.text)
    SDIO_IRQHandler                          0x0800296b   Thumb Code     0  startup_stm32f10x_hd.o(.text)
    SPI1_IRQHandler                          0x0800296b   Thumb Code     0  startup_stm32f10x_hd.o(.text)
    SPI2_IRQHandler                          0x0800296b   Thumb Code     0  startup_stm32f10x_hd.o(.text)
    SPI3_IRQHandler                          0x0800296b   Thumb Code     0  startup_stm32f10x_hd.o(.text)
    TAMPER_IRQHandler                        0x0800296b   Thumb Code     0  startup_stm32f10x_hd.o(.text)
    TIM1_BRK_IRQHandler                      0x0800296b   Thumb Code     0  startup_stm32f10x_hd.o(.text)
    TIM1_CC_IRQHandler                       0x0800296b   Thumb Code     0  startup_stm32f10x_hd.o(.text)
    TIM1_TRG_COM_IRQHandler                  0x0800296b   Thumb Code     0  startup_stm32f10x_hd.o(.text)
    TIM1_UP_IRQHandler                       0x0800296b   Thumb Code     0  startup_stm32f10x_hd.o(.text)
    TIM2_IRQHandler                          0x0800296b   Thumb Code     0  startup_stm32f10x_hd.o(.text)
    TIM3_IRQHandler                          0x0800296b   Thumb Code     0  startup_stm32f10x_hd.o(.text)
    TIM4_IRQHandler                          0x0800296b   Thumb Code     0  startup_stm32f10x_hd.o(.text)
    TIM5_IRQHandler                          0x0800296b   Thumb Code     0  startup_stm32f10x_hd.o(.text)
    TIM6_IRQHandler                          0x0800296b   Thumb Code     0  startup_stm32f10x_hd.o(.text)
    TIM7_IRQHandler                          0x0800296b   Thumb Code     0  startup_stm32f10x_hd.o(.text)
    TIM8_BRK_IRQHandler                      0x0800296b   Thumb Code     0  startup_stm32f10x_hd.o(.text)
    TIM8_CC_IRQHandler                       0x0800296b   Thumb Code     0  startup_stm32f10x_hd.o(.text)
    TIM8_TRG_COM_IRQHandler                  0x0800296b   Thumb Code     0  startup_stm32f10x_hd.o(.text)
    TIM8_UP_IRQHandler                       0x0800296b   Thumb Code     0  startup_stm32f10x_hd.o(.text)
    UART4_IRQHandler                         0x0800296b   Thumb Code     0  startup_stm32f10x_hd.o(.text)
    UART5_IRQHandler                         0x0800296b   Thumb Code     0  startup_stm32f10x_hd.o(.text)
    USART2_IRQHandler                        0x0800296b   Thumb Code     0  startup_stm32f10x_hd.o(.text)
    USBWakeUp_IRQHandler                     0x0800296b   Thumb Code     0  startup_stm32f10x_hd.o(.text)
    USB_HP_CAN1_TX_IRQHandler                0x0800296b   Thumb Code     0  startup_stm32f10x_hd.o(.text)
    USB_LP_CAN1_RX0_IRQHandler               0x0800296b   Thumb Code     0  startup_stm32f10x_hd.o(.text)
    WWDG_IRQHandler                          0x0800296b   Thumb Code     0  startup_stm32f10x_hd.o(.text)
    __user_initial_stackheap                 0x0800296d   Thumb Code     0  startup_stm32f10x_hd.o(.text)
    __use_no_semihosting                     0x08002991   Thumb Code     2  use_no_semi_2.o(.text)
    __2printf                                0x08002995   Thumb Code    20  noretval__2printf.o(.text)
    __printf                                 0x080029ad   Thumb Code   106  __printf.o(.text)
    __use_two_region_memory                  0x08002a17   Thumb Code     2  heapauxi.o(.text)
    __rt_heap_escrow$2region                 0x08002a19   Thumb Code     2  heapauxi.o(.text)
    __rt_heap_expand$2region                 0x08002a1b   Thumb Code     2  heapauxi.o(.text)
    __I$use$semihosting                      0x08002a1d   Thumb Code     0  use_no_semi.o(.text)
    __use_no_semihosting_swi                 0x08002a1d   Thumb Code     2  use_no_semi.o(.text)
    __lib_sel_fp_printf                      0x08002a1f   Thumb Code     2  _printf_fp_dec.o(.text)
    _printf_fp_dec_real                      0x08002bcb   Thumb Code   628  _printf_fp_dec.o(.text)
    _printf_char_file                        0x08002e41   Thumb Code    32  _printf_char_file.o(.text)
    __rt_locale                              0x08002e65   Thumb Code     8  rt_locale_intlibspace.o(.text)
    _ll_udiv10                               0x08002e6d   Thumb Code   138  lludiv10.o(.text)
    _printf_char_common                      0x08002f03   Thumb Code    32  _printf_char_common.o(.text)
    _printf_fp_infnan                        0x08002f29   Thumb Code   112  _printf_fp_infnan.o(.text)
    _btod_etento                             0x08002fa9   Thumb Code   222  bigflt0.o(.text)
    ferror                                   0x0800308d   Thumb Code     8  ferror.o(.text)
    __user_libspace                          0x08003095   Thumb Code     8  libspace.o(.text)
    __user_perproc_libspace                  0x08003095   Thumb Code     0  libspace.o(.text)
    __user_perthread_libspace                0x08003095   Thumb Code     0  libspace.o(.text)
    __user_setup_stackheap                   0x0800309d   Thumb Code    74  sys_stackheap_outer.o(.text)
    exit                                     0x080030e7   Thumb Code    12  exit.o(.text)
    strcmp                                   0x080030f5   Thumb Code   128  strcmpv7m.o(.text)
    _btod_d2e                                0x08003175   Thumb Code    62  btod.o(CL$$btod_d2e)
    _d2e_denorm_low                          0x080031b3   Thumb Code    70  btod.o(CL$$btod_d2e_denorm_low)
    _d2e_norm_op1                            0x080031f9   Thumb Code    96  btod.o(CL$$btod_d2e_norm_op1)
    __btod_div_common                        0x08003259   Thumb Code   696  btod.o(CL$$btod_div_common)
    _e2e                                     0x08003591   Thumb Code   198  btod.o(CL$$btod_e2e)
    _btod_ediv                               0x08003657   Thumb Code    40  btod.o(CL$$btod_ediv)
    _btod_emul                               0x0800367f   Thumb Code    40  btod.o(CL$$btod_emul)
    __btod_mult_common                       0x080036a7   Thumb Code   580  btod.o(CL$$btod_mult_common)
    __ARM_fpclassify                         0x080038eb   Thumb Code    40  fpclassify.o(i.__ARM_fpclassify)
    __kernel_poly                            0x08003913   Thumb Code   170  poly.o(i.__kernel_poly)
    __mathlib_dbl_underflow                  0x080039bd   Thumb Code    10  dunder.o(i.__mathlib_dbl_underflow)
    atan                                     0x080039cd   Thumb Code   478  atan.o(i.atan)
    atan2                                    0x08003bf1   Thumb Code   346  atan2.o(i.atan2)
    _get_lc_numeric                          0x08003d71   Thumb Code    44  lc_numeric_c.o(locale$$code)
    __aeabi_dadd                             0x08003d9d   Thumb Code     0  daddsub_clz.o(x$fpl$dadd)
    _dadd                                    0x08003d9d   Thumb Code   332  daddsub_clz.o(x$fpl$dadd)
    __fpl_dcheck_NaN1                        0x08003eed   Thumb Code    10  dcheck1.o(x$fpl$dcheck1)
    __aeabi_ddiv                             0x08003efd   Thumb Code     0  ddiv.o(x$fpl$ddiv)
    _ddiv                                    0x08003efd   Thumb Code   552  ddiv.o(x$fpl$ddiv)
    __aeabi_i2d                              0x080041ad   Thumb Code     0  dflt_clz.o(x$fpl$dflt)
    _dflt                                    0x080041ad   Thumb Code    46  dflt_clz.o(x$fpl$dflt)
    __aeabi_dmul                             0x080041dd   Thumb Code     0  dmul.o(x$fpl$dmul)
    _dmul                                    0x080041dd   Thumb Code   332  dmul.o(x$fpl$dmul)
    __fpl_dnaninf                            0x08004331   Thumb Code   156  dnaninf.o(x$fpl$dnaninf)
    __fpl_dretinf                            0x080043cd   Thumb Code    12  dretinf.o(x$fpl$dretinf)
    __aeabi_drsub                            0x080043d9   Thumb Code     0  daddsub_clz.o(x$fpl$drsb)
    _drsb                                    0x080043d9   Thumb Code    22  daddsub_clz.o(x$fpl$drsb)
    __aeabi_dsub                             0x080043f1   Thumb Code     0  daddsub_clz.o(x$fpl$dsub)
    _dsub                                    0x080043f1   Thumb Code   464  daddsub_clz.o(x$fpl$dsub)
    _printf_fp_dec                           0x080045c5   Thumb Code     4  printf1.o(x$fpl$printf1)
    __fpl_return_NaN                         0x080045c9   Thumb Code   100  retnan.o(x$fpl$retnan)
    __ARM_scalbn                             0x0800462d   Thumb Code    92  scalbn.o(x$fpl$scalbn)
    __fpl_cmpreturn                          0x08004689   Thumb Code    48  trapv.o(x$fpl$trapveneer)
    __I$use$fp                               0x080046b8   Number         0  usenofp.o(x$fpl$usenofp)
    __mathlib_zero                           0x08004750   Data           8  qnan.o(.constdata)
    Region$$Table$$Base                      0x080047ec   Number         0  anon$$obj.o(Region$$Table)
    Region$$Table$$Limit                     0x0800480c   Number         0  anon$$obj.o(Region$$Table)
    SystemCoreClock                          0x20000000   Data           4  system_stm32f10x.o(.data)
    AHBPrescTable                            0x20000004   Data          16  system_stm32f10x.o(.data)
    USART_RX_STA                             0x20000018   Data           2  usart.o(.data)
    USART_RX_STA2                            0x2000001a   Data           2  usart.o(.data)
    __stdout                                 0x2000001c   Data           4  usart.o(.data)
    __stdin                                  0x20000020   Data           4  usart.o(.data)
    id                                       0x20000024   Data           1  usart.o(.data)
    x                                        0x20000025   Data           1  usart.o(.data)
    y                                        0x20000026   Data           1  usart.o(.data)
    I2CStep                                  0x2000003c   Data           4  hmc5883.o(.data)
    USART_RX_BUF                             0x20000040   Data         200  usart.o(.bss)
    info                                     0x20000108   Data          21  usart.o(.bss)
    USART_RX_BUF2                            0x2000011d   Data         200  usart.o(.bss)
    __libspace_start                         0x200001e8   Data          96  libspace.o(.bss)
    __temporary_stack_top$libspace           0x20000248   Data           0  libspace.o(.bss)



==============================================================================

Memory Map of the image

  Image Entry point : 0x08000131

  Load Region LR_IROM1 (Base: 0x08000000, Size: 0x00004868, Max: 0x00040000, ABSOLUTE)

    Execution Region ER_IROM1 (Base: 0x08000000, Size: 0x00004828, Max: 0x00040000, ABSOLUTE)

    Base Addr    Size         Type   Attr      Idx    E Section Name        Object

    0x08000000   0x00000130   Data   RO          632    RESET               startup_stm32f10x_hd.o
    0x08000130   0x00000008   Code   RO          673  * !!!main             c_w.l(__main.o)
    0x08000138   0x00000034   Code   RO          955    !!!scatter          c_w.l(__scatter.o)
    0x0800016c   0x0000001a   Code   RO          957    !!handler_copy      c_w.l(__scatter_copy.o)
    0x08000186   0x00000002   PAD
    0x08000188   0x0000001c   Code   RO          959    !!handler_zi        c_w.l(__scatter_zi.o)
    0x080001a4   0x00000000   Code   RO          668    .ARM.Collect$$_printf_percent$$00000000  c_w.l(_printf_percent.o)
    0x080001a4   0x00000006   Code   RO          667    .ARM.Collect$$_printf_percent$$00000003  c_w.l(_printf_f.o)
    0x080001aa   0x00000004   Code   RO          714    .ARM.Collect$$_printf_percent$$00000017  c_w.l(_printf_percent_end.o)
    0x080001ae   0x00000002   Code   RO          829    .ARM.Collect$$libinit$$00000000  c_w.l(libinit.o)
    0x080001b0   0x00000000   Code   RO          831    .ARM.Collect$$libinit$$00000002  c_w.l(libinit2.o)
    0x080001b0   0x00000000   Code   RO          834    .ARM.Collect$$libinit$$00000008  c_w.l(libinit2.o)
    0x080001b0   0x00000000   Code   RO          836    .ARM.Collect$$libinit$$0000000A  c_w.l(libinit2.o)
    0x080001b0   0x00000000   Code   RO          838    .ARM.Collect$$libinit$$0000000C  c_w.l(libinit2.o)
    0x080001b0   0x00000006   Code   RO          839    .ARM.Collect$$libinit$$0000000D  c_w.l(libinit2.o)
    0x080001b6   0x00000000   Code   RO          841    .ARM.Collect$$libinit$$0000000F  c_w.l(libinit2.o)
    0x080001b6   0x00000000   Code   RO          843    .ARM.Collect$$libinit$$00000011  c_w.l(libinit2.o)
    0x080001b6   0x00000000   Code   RO          845    .ARM.Collect$$libinit$$00000013  c_w.l(libinit2.o)
    0x080001b6   0x0000000a   Code   RO          846    .ARM.Collect$$libinit$$00000014  c_w.l(libinit2.o)
    0x080001c0   0x00000000   Code   RO          847    .ARM.Collect$$libinit$$00000015  c_w.l(libinit2.o)
    0x080001c0   0x00000000   Code   RO          849    .ARM.Collect$$libinit$$00000017  c_w.l(libinit2.o)
    0x080001c0   0x00000000   Code   RO          851    .ARM.Collect$$libinit$$00000019  c_w.l(libinit2.o)
    0x080001c0   0x00000000   Code   RO          853    .ARM.Collect$$libinit$$0000001B  c_w.l(libinit2.o)
    0x080001c0   0x00000000   Code   RO          855    .ARM.Collect$$libinit$$0000001D  c_w.l(libinit2.o)
    0x080001c0   0x00000000   Code   RO          857    .ARM.Collect$$libinit$$0000001F  c_w.l(libinit2.o)
    0x080001c0   0x00000000   Code   RO          859    .ARM.Collect$$libinit$$00000021  c_w.l(libinit2.o)
    0x080001c0   0x00000000   Code   RO          861    .ARM.Collect$$libinit$$00000023  c_w.l(libinit2.o)
    0x080001c0   0x00000000   Code   RO          865    .ARM.Collect$$libinit$$0000002A  c_w.l(libinit2.o)
    0x080001c0   0x00000000   Code   RO          867    .ARM.Collect$$libinit$$0000002C  c_w.l(libinit2.o)
    0x080001c0   0x00000000   Code   RO          869    .ARM.Collect$$libinit$$0000002E  c_w.l(libinit2.o)
    0x080001c0   0x00000000   Code   RO          871    .ARM.Collect$$libinit$$00000030  c_w.l(libinit2.o)
    0x080001c0   0x00000002   Code   RO          872    .ARM.Collect$$libinit$$00000031  c_w.l(libinit2.o)
    0x080001c2   0x00000002   Code   RO          906    .ARM.Collect$$libshutdown$$00000000  c_w.l(libshutdown.o)
    0x080001c4   0x00000000   Code   RO          916    .ARM.Collect$$libshutdown$$00000003  c_w.l(libshutdown2.o)
    0x080001c4   0x00000000   Code   RO          919    .ARM.Collect$$libshutdown$$00000006  c_w.l(libshutdown2.o)
    0x080001c4   0x00000000   Code   RO          922    .ARM.Collect$$libshutdown$$00000009  c_w.l(libshutdown2.o)
    0x080001c4   0x00000000   Code   RO          924    .ARM.Collect$$libshutdown$$0000000B  c_w.l(libshutdown2.o)
    0x080001c4   0x00000000   Code   RO          927    .ARM.Collect$$libshutdown$$0000000E  c_w.l(libshutdown2.o)
    0x080001c4   0x00000002   Code   RO          928    .ARM.Collect$$libshutdown$$0000000F  c_w.l(libshutdown2.o)
    0x080001c6   0x00000000   Code   RO          707    .ARM.Collect$$rtentry$$00000000  c_w.l(rtentry.o)
    0x080001c6   0x00000000   Code   RO          738    .ARM.Collect$$rtentry$$00000002  c_w.l(rtentry2.o)
    0x080001c6   0x00000006   Code   RO          750    .ARM.Collect$$rtentry$$00000004  c_w.l(rtentry4.o)
    0x080001cc   0x00000000   Code   RO          740    .ARM.Collect$$rtentry$$00000009  c_w.l(rtentry2.o)
    0x080001cc   0x00000004   Code   RO          741    .ARM.Collect$$rtentry$$0000000A  c_w.l(rtentry2.o)
    0x080001d0   0x00000000   Code   RO          743    .ARM.Collect$$rtentry$$0000000C  c_w.l(rtentry2.o)
    0x080001d0   0x00000008   Code   RO          744    .ARM.Collect$$rtentry$$0000000D  c_w.l(rtentry2.o)
    0x080001d8   0x00000002   Code   RO          875    .ARM.Collect$$rtexit$$00000000  c_w.l(rtexit.o)
    0x080001da   0x00000000   Code   RO          884    .ARM.Collect$$rtexit$$00000002  c_w.l(rtexit2.o)
    0x080001da   0x00000004   Code   RO          885    .ARM.Collect$$rtexit$$00000003  c_w.l(rtexit2.o)
    0x080001de   0x00000006   Code   RO          886    .ARM.Collect$$rtexit$$00000004  c_w.l(rtexit2.o)
    0x080001e4   0x00000120   Code   RO            1    .text               main.o
    0x08000304   0x0000001a   Code   RO          140    .text               stm32f10x_it.o
    0x0800031e   0x00000002   PAD
    0x08000320   0x000001c8   Code   RO          181    .text               system_stm32f10x.o
    0x080004e8   0x000000d0   Code   RO          212    .text               delay.o
    0x080005b8   0x00000320   Code   RO          243    .text               usart.o
    0x080008d8   0x000000dc   Code   RO          266    .text               misc.o
    0x080009b4   0x00000358   Code   RO          410    .text               stm32f10x_gpio.o
    0x08000d0c   0x0000039c   Code   RO          458    .text               stm32f10x_rcc.o
    0x080010a8   0x00000e1a   Code   RO          508    .text               stm32f10x_tim.o
    0x08001ec2   0x00000002   PAD
    0x08001ec4   0x00000408   Code   RO          520    .text               stm32f10x_usart.o
    0x080022cc   0x0000006c   Code   RO          544    .text               key.o
    0x08002338   0x0000002c   Code   RO          557    .text               led.o
    0x08002364   0x0000012c   Code   RO          569    .text               timer.o
    0x08002490   0x000000d8   Code   RO          581    .text               motor.o
    0x08002568   0x00000058   Code   RO          593    .text               infr.o
    0x080025c0   0x00000390   Code   RO          605    .text               hmc5883.o
    0x08002950   0x00000040   Code   RO          633    .text               startup_stm32f10x_hd.o
    0x08002990   0x00000002   Code   RO          639    .text               c_w.l(use_no_semi_2.o)
    0x08002992   0x00000002   PAD
    0x08002994   0x00000018   Code   RO          643    .text               c_w.l(noretval__2printf.o)
    0x080029ac   0x0000006a   Code   RO          645    .text               c_w.l(__printf.o)
    0x08002a16   0x00000006   Code   RO          671    .text               c_w.l(heapauxi.o)
    0x08002a1c   0x00000002   Code   RO          705    .text               c_w.l(use_no_semi.o)
    0x08002a1e   0x00000420   Code   RO          710    .text               c_w.l(_printf_fp_dec.o)
    0x08002e3e   0x00000002   PAD
    0x08002e40   0x00000024   Code   RO          712    .text               c_w.l(_printf_char_file.o)
    0x08002e64   0x00000008   Code   RO          755    .text               c_w.l(rt_locale_intlibspace.o)
    0x08002e6c   0x0000008a   Code   RO          762    .text               c_w.l(lludiv10.o)
    0x08002ef6   0x00000002   PAD
    0x08002ef8   0x00000030   Code   RO          764    .text               c_w.l(_printf_char_common.o)
    0x08002f28   0x00000080   Code   RO          766    .text               c_w.l(_printf_fp_infnan.o)
    0x08002fa8   0x000000e4   Code   RO          768    .text               c_w.l(bigflt0.o)
    0x0800308c   0x00000008   Code   RO          793    .text               c_w.l(ferror.o)
    0x08003094   0x00000008   Code   RO          813    .text               c_w.l(libspace.o)
    0x0800309c   0x0000004a   Code   RO          816    .text               c_w.l(sys_stackheap_outer.o)
    0x080030e6   0x0000000c   Code   RO          820    .text               c_w.l(exit.o)
    0x080030f2   0x00000002   PAD
    0x080030f4   0x00000080   Code   RO          822    .text               c_w.l(strcmpv7m.o)
    0x08003174   0x0000003e   Code   RO          771    CL$$btod_d2e        c_w.l(btod.o)
    0x080031b2   0x00000046   Code   RO          773    CL$$btod_d2e_denorm_low  c_w.l(btod.o)
    0x080031f8   0x00000060   Code   RO          772    CL$$btod_d2e_norm_op1  c_w.l(btod.o)
    0x08003258   0x00000338   Code   RO          781    CL$$btod_div_common  c_w.l(btod.o)
    0x08003590   0x000000c6   Code   RO          778    CL$$btod_e2e        c_w.l(btod.o)
    0x08003656   0x00000028   Code   RO          775    CL$$btod_ediv       c_w.l(btod.o)
    0x0800367e   0x00000028   Code   RO          774    CL$$btod_emul       c_w.l(btod.o)
    0x080036a6   0x00000244   Code   RO          780    CL$$btod_mult_common  c_w.l(btod.o)
    0x080038ea   0x00000028   Code   RO          809    i.__ARM_fpclassify  m_ws.l(fpclassify.o)
    0x08003912   0x000000aa   Code   RO          811    i.__kernel_poly     m_ws.l(poly.o)
    0x080039bc   0x00000010   Code   RO          807    i.__mathlib_dbl_underflow  m_ws.l(dunder.o)
    0x080039cc   0x00000224   Code   RO          727    i.atan              m_ws.l(atan.o)
    0x08003bf0   0x00000180   Code   RO          698    i.atan2             m_ws.l(atan2.o)
    0x08003d70   0x0000002c   Code   RO          798    locale$$code        c_w.l(lc_numeric_c.o)
    0x08003d9c   0x00000150   Code   RO          675    x$fpl$dadd          fz_ws.l(daddsub_clz.o)
    0x08003eec   0x00000010   Code   RO          873    x$fpl$dcheck1       fz_ws.l(dcheck1.o)
    0x08003efc   0x000002b0   Code   RO          718    x$fpl$ddiv          fz_ws.l(ddiv.o)
    0x080041ac   0x0000002e   Code   RO          684    x$fpl$dflt          fz_ws.l(dflt_clz.o)
    0x080041da   0x00000002   PAD
    0x080041dc   0x00000154   Code   RO          691    x$fpl$dmul          fz_ws.l(dmul.o)
    0x08004330   0x0000009c   Code   RO          721    x$fpl$dnaninf       fz_ws.l(dnaninf.o)
    0x080043cc   0x0000000c   Code   RO          723    x$fpl$dretinf       fz_ws.l(dretinf.o)
    0x080043d8   0x00000016   Code   RO          676    x$fpl$drsb          fz_ws.l(daddsub_clz.o)
    0x080043ee   0x00000002   PAD
    0x080043f0   0x000001d4   Code   RO          677    x$fpl$dsub          fz_ws.l(daddsub_clz.o)
    0x080045c4   0x00000004   Code   RO          695    x$fpl$printf1       fz_ws.l(printf1.o)
    0x080045c8   0x00000064   Code   RO          881    x$fpl$retnan        fz_ws.l(retnan.o)
    0x0800462c   0x0000005c   Code   RO          805    x$fpl$scalbn        fz_ws.l(scalbn.o)
    0x08004688   0x00000030   Code   RO          894    x$fpl$trapveneer    fz_ws.l(trapv.o)
    0x080046b8   0x00000000   Code   RO          725    x$fpl$usenofp       fz_ws.l(usenofp.o)
    0x080046b8   0x00000098   Data   RO          728    .constdata          m_ws.l(atan.o)
    0x08004750   0x00000008   Data   RO          736    .constdata          m_ws.l(qnan.o)
    0x08004758   0x00000094   Data   RO          769    .constdata          c_w.l(bigflt0.o)
    0x080047ec   0x00000020   Data   RO          953    Region$$Table       anon$$obj.o
    0x0800480c   0x0000001c   Data   RO          797    locale$$data        c_w.l(lc_numeric_c.o)


    Execution Region RW_IRAM1 (Base: 0x20000000, Size: 0x00000848, Max: 0x0000c000, ABSOLUTE)

    Base Addr    Size         Type   Attr      Idx    E Section Name        Object

    0x20000000   0x00000014   Data   RW          182    .data               system_stm32f10x.o
    0x20000014   0x00000004   Data   RW          213    .data               delay.o
    0x20000018   0x0000000f   Data   RW          245    .data               usart.o
    0x20000027   0x00000014   Data   RW          459    .data               stm32f10x_rcc.o
    0x2000003b   0x00000001   Data   RW          545    .data               key.o
    0x2000003c   0x00000004   Data   RW          606    .data               hmc5883.o
    0x20000040   0x000001a5   Zero   RW          244    .bss                usart.o
    0x200001e5   0x00000003   PAD
    0x200001e8   0x00000060   Zero   RW          814    .bss                c_w.l(libspace.o)
    0x20000248   0x00000200   Zero   RW          631    HEAP                startup_stm32f10x_hd.o
    0x20000448   0x00000400   Zero   RW          630    STACK               startup_stm32f10x_hd.o


==============================================================================

Image component sizes


      Code (inc. data)   RO Data    RW Data    ZI Data      Debug   Object Name

       208         18          0          4          0        867   delay.o
       912         20          0          4          0       3558   hmc5883.o
        88         14          0          0          0        655   infr.o
       108         14          0          1          0        664   key.o
        44          6          0          0          0        399   led.o
       288         24          0          0          0     253126   main.o
       220         20          0          0          0       1645   misc.o
       216         38          0          0          0        894   motor.o
        64         26        304          0       1536        720   startup_stm32f10x_hd.o
       856         40          0          0          0       5489   stm32f10x_gpio.o
        26          0          0          0          0       1102   stm32f10x_it.o
       924         44          0         20          0       8576   stm32f10x_rcc.o
      3610         88          0          0          0      21976   stm32f10x_tim.o
      1032         22          0          0          0       8216   stm32f10x_usart.o
         0          0          0          0          0         32   sys.o
       456         36          0         20          0       1511   system_stm32f10x.o
       300         18          0          0          0       1042   timer.o
       800         50          0         15        421       4676   usart.o

    ----------------------------------------------------------------------
     10156        478        336         64       1960     315148   Object Totals
         0          0         32          0          0          0   (incl. Generated)
         4          0          0          0          3          0   (incl. Padding)

    ----------------------------------------------------------------------

      Code (inc. data)   RO Data    RW Data    ZI Data      Debug   Library Member Name

         8          0          0          0          0         68   __main.o
       106          0          0          0          0         84   __printf.o
        52          8          0          0          0          0   __scatter.o
        26          0          0          0          0          0   __scatter_copy.o
        28          0          0          0          0          0   __scatter_zi.o
        48          6          0          0          0         96   _printf_char_common.o
        36          4          0          0          0         80   _printf_char_file.o
         6          0          0          0          0          0   _printf_f.o
      1056          0          0          0          0        212   _printf_fp_dec.o
       128         16          0          0          0         84   _printf_fp_infnan.o
         0          0          0          0          0          0   _printf_percent.o
         4          0          0          0          0          0   _printf_percent_end.o
       228          6        148          0          0         96   bigflt0.o
      1910        128          0          0          0        672   btod.o
        12          0          0          0          0         72   exit.o
         8          0          0          0          0         68   ferror.o
         6          0          0          0          0        152   heapauxi.o
        44         10         28          0          0         76   lc_numeric_c.o
         2          0          0          0          0          0   libinit.o
        18          0          0          0          0          0   libinit2.o
         2          0          0          0          0          0   libshutdown.o
         2          0          0          0          0          0   libshutdown2.o
         8          4          0          0         96         68   libspace.o
       138          0          0          0          0         80   lludiv10.o
        24          4          0          0          0         84   noretval__2printf.o
         8          4          0          0          0         68   rt_locale_intlibspace.o
         0          0          0          0          0          0   rtentry.o
        12          0          0          0          0          0   rtentry2.o
         6          0          0          0          0          0   rtentry4.o
         2          0          0          0          0          0   rtexit.o
        10          0          0          0          0          0   rtexit2.o
       128          0          0          0          0         68   strcmpv7m.o
        74          0          0          0          0         80   sys_stackheap_outer.o
         2          0          0          0          0         68   use_no_semi.o
         2          0          0          0          0         68   use_no_semi_2.o
       826         16          0          0          0        356   daddsub_clz.o
        16          4          0          0          0         68   dcheck1.o
       688        140          0          0          0        212   ddiv.o
        46          0          0          0          0         68   dflt_clz.o
       340         12          0          0          0        104   dmul.o
       156          4          0          0          0         92   dnaninf.o
        12          0          0          0          0         68   dretinf.o
         4          0          0          0          0         68   printf1.o
       100          0          0          0          0         68   retnan.o
        92          0          0          0          0         68   scalbn.o
        48          0          0          0          0         68   trapv.o
         0          0          0          0          0          0   usenofp.o
       548         70        152          0          0        124   atan.o
       384         38          0          0          0        144   atan2.o
        16          6          0          0          0         68   dunder.o
        40          0          0          0          0         68   fpclassify.o
       170          0          0          0          0         96   poly.o
         0          0          8          0          0          0   qnan.o

    ----------------------------------------------------------------------
      7644        480        336          0         96       4084   Library Totals
        14          0          0          0          0          0   (incl. Padding)

    ----------------------------------------------------------------------

      Code (inc. data)   RO Data    RW Data    ZI Data      Debug   Library Name

      4144        190        176          0         96       2344   c_w.l
      2328        176          0          0          0       1240   fz_ws.l
      1158        114        160          0          0        500   m_ws.l

    ----------------------------------------------------------------------
      7644        480        336          0         96       4084   Library Totals

    ----------------------------------------------------------------------

==============================================================================


      Code (inc. data)   RO Data    RW Data    ZI Data      Debug   

     17800        958        672         64       2056     315488   Grand Totals
     17800        958        672         64       2056     315488   ELF Image Totals
     17800        958        672         64          0          0   ROM Totals

==============================================================================

    Total RO  Size (Code + RO Data)                18472 (  18.04kB)
    Total RW  Size (RW Data + ZI Data)              2120 (   2.07kB)
    Total ROM Size (Code + RO Data + RW Data)      18536 (  18.10kB)

==============================================================================

